ARM Linker, 5.02 [Build 28] [MDK-ARM Standard]

==============================================================================

Section Cross References

    startup_lpc17xx.o(RESET) refers to startup_lpc17xx.o(STACK) for __initial_sp
    startup_lpc17xx.o(RESET) refers to startup_lpc17xx.o(.text) for Reset_Handler
    startup_lpc17xx.o(RESET) refers to os_cpu_a.o(CODE) for OS_CPU_PendSVHandler
    startup_lpc17xx.o(RESET) refers to os_cpu_c.o(i.OS_CPU_SysTickHandler) for OS_CPU_SysTickHandler
    startup_lpc17xx.o(RESET) refers to serial.o(i.UART0_IRQHandler) for UART0_IRQHandler
    startup_lpc17xx.o(.text) refers to system_lpc17xx.o(i.SystemInit) for SystemInit
    startup_lpc17xx.o(.text) refers to entry.o(.ARM.Collect$$$$00000000) for __main
    lpc17xx_clkpwr.o(i.CLKPWR_GetPCLK) refers to lpc17xx_clkpwr.o(i.CLKPWR_GetPCLKSEL) for CLKPWR_GetPCLKSEL
    lpc17xx_clkpwr.o(i.CLKPWR_GetPCLK) refers to system_lpc17xx.o(.data) for SystemCoreClock
    lpc17xx_pinsel.o(i.PINSEL_ConfigPin) refers to lpc17xx_pinsel.o(i.set_PinFunc) for set_PinFunc
    lpc17xx_pinsel.o(i.PINSEL_ConfigPin) refers to lpc17xx_pinsel.o(i.set_PinResistorMode) for set_PinResistorMode
    lpc17xx_pinsel.o(i.PINSEL_ConfigPin) refers to lpc17xx_pinsel.o(i.set_PinOpenDrainMode) for set_PinOpenDrainMode
    lpc7xx_gpio.o(i.FIO_ByteClearValue) refers to lpc7xx_gpio.o(i.FIO_ByteGetPointer) for FIO_ByteGetPointer
    lpc7xx_gpio.o(i.FIO_ByteReadValue) refers to lpc7xx_gpio.o(i.FIO_ByteGetPointer) for FIO_ByteGetPointer
    lpc7xx_gpio.o(i.FIO_ByteSetDir) refers to lpc7xx_gpio.o(i.FIO_ByteGetPointer) for FIO_ByteGetPointer
    lpc7xx_gpio.o(i.FIO_ByteSetMask) refers to lpc7xx_gpio.o(i.FIO_ByteGetPointer) for FIO_ByteGetPointer
    lpc7xx_gpio.o(i.FIO_ByteSetValue) refers to lpc7xx_gpio.o(i.FIO_ByteGetPointer) for FIO_ByteGetPointer
    lpc7xx_gpio.o(i.FIO_ClearValue) refers to lpc7xx_gpio.o(i.GPIO_ClearValue) for GPIO_ClearValue
    lpc7xx_gpio.o(i.FIO_HalfWordClearValue) refers to lpc7xx_gpio.o(i.FIO_HalfWordGetPointer) for FIO_HalfWordGetPointer
    lpc7xx_gpio.o(i.FIO_HalfWordReadValue) refers to lpc7xx_gpio.o(i.FIO_HalfWordGetPointer) for FIO_HalfWordGetPointer
    lpc7xx_gpio.o(i.FIO_HalfWordSetDir) refers to lpc7xx_gpio.o(i.FIO_HalfWordGetPointer) for FIO_HalfWordGetPointer
    lpc7xx_gpio.o(i.FIO_HalfWordSetMask) refers to lpc7xx_gpio.o(i.FIO_HalfWordGetPointer) for FIO_HalfWordGetPointer
    lpc7xx_gpio.o(i.FIO_HalfWordSetValue) refers to lpc7xx_gpio.o(i.FIO_HalfWordGetPointer) for FIO_HalfWordGetPointer
    lpc7xx_gpio.o(i.FIO_ReadValue) refers to lpc7xx_gpio.o(i.GPIO_ReadValue) for GPIO_ReadValue
    lpc7xx_gpio.o(i.FIO_SetDir) refers to lpc7xx_gpio.o(i.GPIO_SetDir) for GPIO_SetDir
    lpc7xx_gpio.o(i.FIO_SetMask) refers to lpc7xx_gpio.o(i.GPIO_GetPointer) for GPIO_GetPointer
    lpc7xx_gpio.o(i.FIO_SetValue) refers to lpc7xx_gpio.o(i.GPIO_SetValue) for GPIO_SetValue
    lpc7xx_gpio.o(i.GPIO_ClearValue) refers to lpc7xx_gpio.o(i.GPIO_GetPointer) for GPIO_GetPointer
    lpc7xx_gpio.o(i.GPIO_ConfigDir) refers to lpc7xx_gpio.o(i.GPIO_SetDir) for GPIO_SetDir
    lpc7xx_gpio.o(i.GPIO_ConfigOutput) refers to lpc7xx_gpio.o(i.GPIO_SetValue) for GPIO_SetValue
    lpc7xx_gpio.o(i.GPIO_ConfigOutput) refers to lpc7xx_gpio.o(i.GPIO_ClearValue) for GPIO_ClearValue
    lpc7xx_gpio.o(i.GPIO_ReadInput) refers to lpc7xx_gpio.o(i.GPIO_ReadValue) for GPIO_ReadValue
    lpc7xx_gpio.o(i.GPIO_ReadValue) refers to lpc7xx_gpio.o(i.GPIO_GetPointer) for GPIO_GetPointer
    lpc7xx_gpio.o(i.GPIO_SetDir) refers to lpc7xx_gpio.o(i.GPIO_GetPointer) for GPIO_GetPointer
    lpc7xx_gpio.o(i.GPIO_SetValue) refers to lpc7xx_gpio.o(i.GPIO_GetPointer) for GPIO_GetPointer
    lpc17xx_uart.o(i.UART_DeInit) refers to lpc17xx_clkpwr.o(i.CLKPWR_ConfigPPWR) for CLKPWR_ConfigPPWR
    lpc17xx_uart.o(i.UART_Init) refers to lpc17xx_clkpwr.o(i.CLKPWR_ConfigPPWR) for CLKPWR_ConfigPPWR
    lpc17xx_uart.o(i.UART_Init) refers to lpc17xx_uart.o(i.uart_set_divisors) for uart_set_divisors
    lpc17xx_uart.o(i.UART_Receive) refers to lpc17xx_uart.o(i.UART_ReceiveByte) for UART_ReceiveByte
    lpc17xx_uart.o(i.UART_send) refers to lpc17xx_uart.o(i.UART_SendByte) for UART_SendByte
    lpc17xx_uart.o(i.uart_set_divisors) refers to lpc17xx_clkpwr.o(i.CLKPWR_GetPCLK) for CLKPWR_GetPCLK
    lpc17xx_uart.o(i.uart_set_divisors) refers to uldiv.o(.text) for __aeabi_uldivmod
    lpc17xx_systick.o(i.SYSTICK_InternalInit) refers to ffltui.o(.text) for __aeabi_ui2f
    lpc17xx_systick.o(i.SYSTICK_InternalInit) refers to cfcmple.o(.text) for __aeabi_cfcmple
    lpc17xx_systick.o(i.SYSTICK_InternalInit) refers to system_lpc17xx.o(.data) for SystemCoreClock
    main.o(i.main) refers to os_core.o(i.OSInit) for OSInit
    main.o(i.main) refers to os_task.o(i.OSTaskCreate) for OSTaskCreate
    main.o(i.main) refers to os_core.o(i.OSStart) for OSStart
    main.o(i.main) refers to main.o(.bss) for start_task_stk
    main.o(i.main) refers to main.o(i.start_task) for start_task
[...]
    Removing os_core.o(i.OS_PendListInsertHead), (32 bytes).
    Removing os_core.o(i.OS_PendObjDel), (174 bytes).
    Removing os_core.o(i.OS_PendObjDel1), (36 bytes).
    Removing os_flag.o(i.OSFlagCreate), (128 bytes).
    Removing os_flag.o(i.OSFlagPend), (892 bytes).
    Removing os_flag.o(i.OSFlagPendGetFlagsRdy), (76 bytes).
    Removing os_flag.o(i.OSFlagPost), (116 bytes).
    Removing os_flag.o(i.OS_FlagBlock), (64 bytes).
    Removing os_flag.o(i.OS_FlagClr), (40 bytes).
    Removing os_flag.o(i.OS_FlagDbgListAdd), (48 bytes).
    Removing os_flag.o(i.OS_FlagDbgListRemove), (48 bytes).
    Removing os_flag.o(i.OS_FlagPost), (352 bytes).
    Removing os_flag.o(i.OS_FlagTaskRdy), (92 bytes).
    Removing os_mem.o(i.OSMemCreate), (244 bytes).
    Removing os_mem.o(i.OSMemGet), (100 bytes).
    Removing os_mem.o(i.OSMemPut), (112 bytes).
    Removing os_mem.o(i.OS_MemDbgListAdd), (40 bytes).
    Removing os_msg.o(i.OS_MsgQFreeAll), (68 bytes).
    Removing os_mutex.o(i.OS_MutexClr), (52 bytes).
    Removing os_mutex.o(i.OS_MutexDbgListRemove), (48 bytes).
    Removing os_pend_multi.o(i.OSPendMulti), (376 bytes).
    Removing os_pend_multi.o(i.OS_PendMultiGetRdy), (148 bytes).
    Removing os_pend_multi.o(i.OS_PendMultiValidate), (76 bytes).
    Removing os_pend_multi.o(i.OS_PendMultiWait), (140 bytes).
    Removing os_q.o(i.OSQCreate), (144 bytes).
    Removing os_q.o(i.OSQPend), (464 bytes).
    Removing os_q.o(i.OSQPendAbort), (244 bytes).
    Removing os_q.o(i.OSQPost), (148 bytes).
    Removing os_q.o(i.OS_QClr), (48 bytes).
    Removing os_q.o(i.OS_QDbgListAdd), (48 bytes).
    Removing os_q.o(i.OS_QDbgListRemove), (48 bytes).
    Removing os_q.o(i.OS_QPost), (190 bytes).
    Removing os_sem.o(i.OSSemPendAbort), (244 bytes).
    Removing os_sem.o(i.OSSemSet), (128 bytes).
    Removing os_sem.o(i.OS_SemClr), (40 bytes).
    Removing os_sem.o(i.OS_SemDbgListRemove), (48 bytes).
    Removing os_stat.o(i.OSStatTaskCPUUsageInit), (240 bytes).
    Removing os_task.o(i.OSTaskChangePrio), (284 bytes).
    Removing os_task.o(i.OSTaskQFlush), (120 bytes).
    Removing os_task.o(i.OSTaskRegGet), (84 bytes).
    Removing os_task.o(i.OSTaskRegGetID), (88 bytes).
    Removing os_task.o(i.OSTaskRegSet), (84 bytes).
    Removing os_task.o(i.OSTaskResume), (104 bytes).
    Removing os_task.o(i.OSTaskSemPendAbort), (224 bytes).
    Removing os_task.o(i.OSTaskSemSet), (88 bytes).
    Removing os_task.o(i.OSTaskSuspend), (56 bytes).
    Removing os_task.o(i.OSTaskTimeQuantaSet), (108 bytes).
    Removing os_task.o(i.OS_TaskDbgListRemove), (68 bytes).
    Removing os_task.o(i.OS_TaskResume), (256 bytes).
    Removing os_task.o(i.OS_TaskSuspend), (280 bytes).
    Removing os_time.o(i.OSTimeDlyHMSM), (412 bytes).
    Removing os_time.o(i.OSTimeGet), (52 bytes).
    Removing os_time.o(i.OSTimeSet), (52 bytes).
    Removing os_tmr.o(i.OSTmrCreate), (204 bytes).
    Removing os_tmr.o(i.OSTmrRemainGet), (196 bytes).
    Removing os_tmr.o(i.OSTmrStart), (172 bytes).
    Removing os_tmr.o(i.OSTmrStateGet), (144 bytes).
    Removing os_tmr.o(i.OSTmrStop), (240 bytes).
    Removing os_tmr.o(i.OS_TmrClr), (48 bytes).
    Removing os_tmr.o(i.OS_TmrDbgListAdd), (40 bytes).
    Removing os_tmr.o(i.OS_TmrDbgListRemove), (48 bytes).
    Removing os_cpu_c.o(i.OSTaskDelHook), (24 bytes).
    Removing cpu_core.o(i.CPU_CntLeadZeros08), (18 bytes).
    Removing cpu_core.o(i.CPU_CntLeadZeros16), (18 bytes).
    Removing cpu_core.o(i.CPU_CntLeadZeros32), (18 bytes).
    Removing cpu_core.o(i.CPU_CntLeadZeros64), (200 bytes).
    Removing cpu_core.o(i.CPU_CntTrailZeros08), (22 bytes).
    Removing cpu_core.o(i.CPU_CntTrailZeros16), (22 bytes).
    Removing cpu_core.o(i.CPU_CntTrailZeros32), (22 bytes).
    Removing cpu_core.o(i.CPU_CntTrailZeros64), (66 bytes).
    Removing cpu_core.o(i.CPU_Init), (12 bytes).
    Removing cpu_core.o(i.CPU_NameClr), (48 bytes).
    Removing cpu_core.o(i.CPU_NameGet), (76 bytes).
    Removing cpu_core.o(i.CPU_NameInit), (8 bytes).
    Removing cpu_core.o(i.CPU_NameSet), (100 bytes).
    Removing cpu_core.o(i.CPU_SW_Exception), (4 bytes).
    Removing cpu_core.o(i.CPU_TS_Get32), (12 bytes).
    Removing cpu_core.o(i.CPU_TS_Init), (20 bytes).
    Removing cpu_core.o(i.CPU_TS_TmrFreqGet), (32 bytes).
    Removing cpu_core.o(i.CPU_TS_TmrFreqSet), (12 bytes).
    Removing cpu_core.o(i.CPU_TS_Update), (2 bytes).
    Removing cpu_core.o(.bss), (16 bytes).
    Removing cpu_core.o(.constdata), (256 bytes).
    Removing cpu_core.o(.data), (4 bytes).
    Removing cpu_c.o(i.CPU_BitBandClr), (68 bytes).
    Removing cpu_c.o(i.CPU_BitBandSet), (68 bytes).
    Removing cpu_c.o(i.CPU_IntSrcDis), (336 bytes).
    Removing cpu_c.o(i.CPU_IntSrcEn), (336 bytes).
    Removing cpu_c.o(i.CPU_IntSrcPendClr), (166 bytes).
    Removing cpu_c.o(i.CPU_IntSrcPrioGet), (460 bytes).
    Removing cpu_c.o(i.CPU_IntSrcPrioSet), (512 bytes).
    Removing lib_ascii.o(i.ASCII_Cmp), (38 bytes).
    Removing lib_ascii.o(i.ASCII_IsAlpha), (48 bytes).
    Removing lib_ascii.o(i.ASCII_IsAlphaNum), (76 bytes).
    Removing lib_ascii.o(i.ASCII_IsBlank), (20 bytes).
    Removing lib_ascii.o(i.ASCII_IsCtrl), (26 bytes).
    Removing lib_ascii.o(i.ASCII_IsDig), (20 bytes).
    Removing lib_ascii.o(i.ASCII_IsDigHex), (36 bytes).
    Removing lib_ascii.o(i.ASCII_IsDigOct), (20 bytes).
    Removing lib_ascii.o(i.ASCII_IsGraph), (20 bytes).
    Removing lib_ascii.o(i.ASCII_IsLower), (20 bytes).
    Removing lib_ascii.o(i.ASCII_IsPrint), (20 bytes).
    Removing lib_ascii.o(i.ASCII_IsPunct), (134 bytes).
    Removing lib_ascii.o(i.ASCII_IsSpace), (36 bytes).
    Removing lib_ascii.o(i.ASCII_IsUpper), (20 bytes).
    Removing lib_ascii.o(i.ASCII_ToLower), (32 bytes).
    Removing lib_ascii.o(i.ASCII_ToUpper), (32 bytes).
    Removing lib_math.o(i.Math_Init), (10 bytes).
    Removing lib_math.o(i.Math_Rand), (56 bytes).
    Removing lib_math.o(i.Math_RandSeed), (24 bytes).
    Removing lib_math.o(i.Math_RandSetSeed), (44 bytes).
    Removing lib_math.o(.data), (4 bytes).
    Removing lib_mem.o(i.Mem_Clr), (18 bytes).
    Removing lib_mem.o(i.Mem_Cmp), (192 bytes).
    Removing lib_mem.o(i.Mem_Init), (2 bytes).
    Removing lib_mem.o(i.Mem_Set), (98 bytes).
    Removing lib_str.o(i.Str_Cat), (24 bytes).
    Removing lib_str.o(i.Str_Cat_N), (90 bytes).
    Removing lib_str.o(i.Str_Char), (24 bytes).
    Removing lib_str.o(i.Str_Char_Last), (24 bytes).
    Removing lib_str.o(i.Str_Char_Last_N), (76 bytes).
    Removing lib_str.o(i.Str_Char_N), (74 bytes).
    Removing lib_str.o(i.Str_Cmp), (24 bytes).
    Removing lib_str.o(i.Str_CmpIgnoreCase), (24 bytes).
    Removing lib_str.o(i.Str_CmpIgnoreCase_N), (264 bytes).
    Removing lib_str.o(i.Str_Cmp_N), (156 bytes).
    Removing lib_str.o(i.Str_Copy), (24 bytes).
    Removing lib_str.o(i.Str_Copy_N), (70 bytes).
    Removing lib_str.o(i.Str_FmtNbr_Int32), (510 bytes).
    Removing lib_str.o(i.Str_FmtNbr_Int32S), (62 bytes).
    Removing lib_str.o(i.Str_FmtNbr_Int32U), (46 bytes).
    Removing lib_str.o(i.Str_Len), (20 bytes).
    Removing lib_str.o(i.Str_Len_N), (28 bytes).
    Removing lib_str.o(i.Str_ParseNbr_Int32), (452 bytes).
    Removing lib_str.o(i.Str_ParseNbr_Int32S), (74 bytes).
    Removing lib_str.o(i.Str_ParseNbr_Int32U), (30 bytes).
    Removing lib_str.o(i.Str_Str), (24 bytes).
    Removing lib_str.o(i.Str_Str_N), (182 bytes).
    Removing lib_str.o(.constdata), (148 bytes).
    Removing ffltui.o(.text), (10 bytes).
    Removing cfcmple.o(.text), (20 bytes).
    Removing fepilogue.o(.text), (108 bytes).

239 unused section(s) (total 19280 bytes) removed from the image.

==============================================================================

Image Symbol Table

    Local Symbols

    Symbol Name                              Value     Ov Type        Size  Object(Section)

    RESET                                    0x00000000   Section      204  startup_lpc17xx.o(RESET)
    ../clib/microlib/division.c              0x00000000   Number         0  uldiv.o ABSOLUTE
    ../clib/microlib/init/entry.s            0x00000000   Number         0  entry.o ABSOLUTE
    ../clib/microlib/init/entry.s            0x00000000   Number         0  entry2.o ABSOLUTE
    ../clib/microlib/init/entry.s            0x00000000   Number         0  entry5.o ABSOLUTE
    ../clib/microlib/init/entry.s            0x00000000   Number         0  entry7a.o ABSOLUTE
    ../clib/microlib/init/entry.s            0x00000000   Number         0  entry8.o ABSOLUTE
    ../clib/microlib/init/entry.s            0x00000000   Number         0  entry7b.o ABSOLUTE
    ../clib/microlib/longlong.c              0x00000000   Number         0  llshl.o ABSOLUTE
    ../clib/microlib/longlong.c              0x00000000   Number         0  llushr.o ABSOLUTE
    ../clib/microlib/stubs.s                 0x00000000   Number         0  iusefp.o ABSOLUTE
    ../fplib/microlib/fpepilogue.c           0x00000000   Number         0  fepilogue.o ABSOLUTE
    ../fplib/microlib/fpflt.c                0x00000000   Number         0  ffltui.o ABSOLUTE
    ..\BSP\bsp.c                             0x00000000   Number         0  bsp.o ABSOLUTE
    ..\BSP\serial.c                          0x00000000   Number         0  serial.o ABSOLUTE
    ..\BSP\vir.c                             0x00000000   Number         0  vir.o ABSOLUTE
    ..\LPC1768\Core\DeviceSupport\NXP\LPC17xx\startup\startup_LPC17xx.s 0x00000000   Number         0  startup_lpc17xx.o ABSOLUTE
    ..\LPC1768\Core\DeviceSupport\NXP\LPC17xx\system_LPC17xx.c 0x00000000   Number         0  system_lpc17xx.o ABSOLUTE
    ..\LPC1768\Drivers\source\lpc17xx_adc.c  0x00000000   Number         0  lpc17xx_adc.o ABSOLUTE
    ..\LPC1768\Drivers\source\lpc17xx_clkpwr.c 0x00000000   Number         0  lpc17xx_clkpwr.o ABSOLUTE
    ..\LPC1768\Drivers\source\lpc17xx_dac.c  0x00000000   Number         0  lpc17xx_dac.o ABSOLUTE
    ..\LPC1768\Drivers\source\lpc17xx_i2c.c  0x00000000   Number         0  lpc17xx_i2c.o ABSOLUTE
    ..\LPC1768\Drivers\source\lpc17xx_pinsel.c 0x00000000   Number         0  lpc17xx_pinsel.o ABSOLUTE
    ..\LPC1768\Drivers\source\lpc17xx_pwm.c  0x00000000   Number         0  lpc17xx_pwm.o ABSOLUTE
    ..\LPC1768\Drivers\source\lpc17xx_rtc.c  0x00000000   Number         0  lpc17xx_rtc.o ABSOLUTE
    ..\LPC1768\Drivers\source\lpc17xx_systick.c 0x00000000   Number         0  lpc17xx_systick.o ABSOLUTE
    ..\LPC1768\Drivers\source\lpc17xx_timer.c 0x00000000   Number         0  lpc17xx_timer.o ABSOLUTE
    ..\LPC1768\Drivers\source\lpc17xx_uart.c 0x00000000   Number         0  lpc17xx_uart.o ABSOLUTE
    ..\LPC1768\Drivers\source\lpc7xx_gpio.c  0x00000000   Number         0  lpc7xx_gpio.o ABSOLUTE
    ..\\BSP\\bsp.c                           0x00000000   Number         0  bsp.o ABSOLUTE
    ..\\BSP\\serial.c                        0x00000000   Number         0  serial.o ABSOLUTE
    ..\\LPC1768\\Core\\DeviceSupport\\NXP\\LPC17xx\\system_LPC17xx.c 0x00000000   Number         0  system_lpc17xx.o ABSOLUTE
    ..\\LPC1768\\Drivers\\source\\lpc17xx_adc.c 0x00000000   Number         0  lpc17xx_adc.o ABSOLUTE
    ..\\LPC1768\\Drivers\\source\\lpc17xx_clkpwr.c 0x00000000   Number         0  lpc17xx_clkpwr.o ABSOLUTE
    ..\\LPC1768\\Drivers\\source\\lpc17xx_dac.c 0x00000000   Number         0  lpc17xx_dac.o ABSOLUTE
    ..\\LPC1768\\Drivers\\source\\lpc17xx_i2c.c 0x00000000   Number         0  lpc17xx_i2c.o ABSOLUTE
    ..\\LPC1768\\Drivers\\source\\lpc17xx_pinsel.c 0x00000000   Number         0  lpc17xx_pinsel.o ABSOLUTE
    ..\\LPC1768\\Drivers\\source\\lpc17xx_pwm.c 0x00000000   Number         0  lpc17xx_pwm.o ABSOLUTE
    ..\\LPC1768\\Drivers\\source\\lpc17xx_rtc.c 0x00000000   Number         0  lpc17xx_rtc.o ABSOLUTE
    ..\\LPC1768\\Drivers\\source\\lpc17xx_systick.c 0x00000000   Number         0  lpc17xx_systick.o ABSOLUTE
    ..\\LPC1768\\Drivers\\source\\lpc17xx_timer.c 0x00000000   Number         0  lpc17xx_timer.o ABSOLUTE
    ..\\LPC1768\\Drivers\\source\\lpc17xx_uart.c 0x00000000   Number         0  lpc17xx_uart.o ABSOLUTE
    ..\\LPC1768\\Drivers\\source\\lpc7xx_gpio.c 0x00000000   Number         0  lpc7xx_gpio.o ABSOLUTE
    ..\\user\\app\\main.c                    0x00000000   Number         0  main.o ABSOLUTE
    ..\\user\\app\\ts_serv.c                 0x00000000   Number         0  ts_serv.o ABSOLUTE
    ..\\user\\app\\ts_serv_ex.c              0x00000000   Number         0  ts_serv_ex.o ABSOLUTE
    ..\uC-CPU\cpu_a.s                        0x00000000   Number         0  cpu_a.o ABSOLUTE
    ..\uC-CPU\cpu_c.c                        0x00000000   Number         0  cpu_c.o ABSOLUTE
    ..\uC-CPU\cpu_core.c                     0x00000000   Number         0  cpu_core.o ABSOLUTE
    ..\uC-LIB\lib_ascii.c                    0x00000000   Number         0  lib_ascii.o ABSOLUTE
    ..\uC-LIB\lib_math.c                     0x00000000   Number         0  lib_math.o ABSOLUTE
    ..\uC-LIB\lib_mem.c                      0x00000000   Number         0  lib_mem.o ABSOLUTE
    ..\uC-LIB\lib_mem_a.asm                  0x00000000   Number         0  lib_mem_a.o ABSOLUTE
    ..\uC-LIB\lib_str.c                      0x00000000   Number         0  lib_str.o ABSOLUTE
    ..\uCOS-III\Ports\os_cpu_a.s             0x00000000   Number         0  os_cpu_a.o ABSOLUTE
    ..\uCOS-III\Ports\os_cpu_c.c             0x00000000   Number         0  os_cpu_c.o ABSOLUTE
    ..\uCOS-III\Source\os_cfg_app.c          0x00000000   Number         0  os_cfg_app.o ABSOLUTE
    ..\uCOS-III\Source\os_core.c             0x00000000   Number         0  os_core.o ABSOLUTE
    ..\uCOS-III\Source\os_dbg.c              0x00000000   Number         0  os_dbg.o ABSOLUTE
    ..\uCOS-III\Source\os_flag.c             0x00000000   Number         0  os_flag.o ABSOLUTE
    ..\uCOS-III\Source\os_int.c              0x00000000   Number         0  os_int.o ABSOLUTE
    ..\uCOS-III\Source\os_mem.c              0x00000000   Number         0  os_mem.o ABSOLUTE
    ..\uCOS-III\Source\os_msg.c              0x00000000   Number         0  os_msg.o ABSOLUTE
    ..\uCOS-III\Source\os_mutex.c            0x00000000   Number         0  os_mutex.o ABSOLUTE
    ..\uCOS-III\Source\os_pend_multi.c       0x00000000   Number         0  os_pend_multi.o ABSOLUTE
    ..\uCOS-III\Source\os_prio.c             0x00000000   Number         0  os_prio.o ABSOLUTE
    ..\uCOS-III\Source\os_q.c                0x00000000   Number         0  os_q.o ABSOLUTE
    ..\uCOS-III\Source\os_sem.c              0x00000000   Number         0  os_sem.o ABSOLUTE
    ..\uCOS-III\Source\os_stat.c             0x00000000   Number         0  os_stat.o ABSOLUTE
    ..\uCOS-III\Source\os_task.c             0x00000000   Number         0  os_task.o ABSOLUTE
    ..\uCOS-III\Source\os_tick.c             0x00000000   Number         0  os_tick.o ABSOLUTE
    ..\uCOS-III\Source\os_time.c             0x00000000   Number         0  os_time.o ABSOLUTE
    ..\uCOS-III\Source\os_tmr.c              0x00000000   Number         0  os_tmr.o ABSOLUTE
    ..\uCOS-III\Source\os_var.c              0x00000000   Number         0  os_var.o ABSOLUTE
    ..\uCOS-III\cfg\os_app_hooks.c           0x00000000   Number         0  os_app_hooks.o ABSOLUTE
    ..\user\app\main.c                       0x00000000   Number         0  main.o ABSOLUTE
    ..\user\app\ts_serv.c                    0x00000000   Number         0  ts_serv.o ABSOLUTE
    ..\user\app\ts_serv_ex.c                 0x00000000   Number         0  ts_serv_ex.o ABSOLUTE
    ..\user\app\user_system_init.c           0x00000000   Number         0  user_system_init.o ABSOLUTE
    cfcmple.s                                0x00000000   Number         0  cfcmple.o ABSOLUTE
    dc.s                                     0x00000000   Number         0  dc.o ABSOLUTE
    handlers.s                               0x00000000   Number         0  handlers.o ABSOLUTE
    init.s                                   0x00000000   Number         0  init.o ABSOLUTE
    .ARM.Collect$$$$00000000                 0x000000cc   Section        0  entry.o(.ARM.Collect$$$$00000000)
    .ARM.Collect$$$$00000001                 0x000000cc   Section        4  entry2.o(.ARM.Collect$$$$00000001)
    .ARM.Collect$$$$00000004                 0x000000d0   Section        4  entry5.o(.ARM.Collect$$$$00000004)
    .ARM.Collect$$$$00000008                 0x000000d4   Section        0  entry7b.o(.ARM.Collect$$$$00000008)
    .ARM.Collect$$$$00000009                 0x000000d4   Section        8  entry8.o(.ARM.Collect$$$$00000009)
    .ARM.Collect$$$$00002712                 0x000000dc   Section        4  entry2.o(.ARM.Collect$$$$00002712)
    __lit__00000000                          0x000000dc   Data           4  entry2.o(.ARM.Collect$$$$00002712)
    .text                                    0x000000e0   Section       36  startup_lpc17xx.o(.text)
    .text                                    0x00000104   Section       52  cpu_a.o(.text)
    .text                                    0x00000138   Section        0  uldiv.o(.text)
    .text                                    0x0000019a   Section        0  llshl.o(.text)
    .text                                    0x000001b8   Section        0  llushr.o(.text)
    .text                                    0x000001d8   Section       36  init.o(.text)
    CODE                                     0x000001fc   Section      152  os_cpu_a.o(CODE)
    i.CLKPWR_ConfigPPWR                      0x00000294   Section        0  lpc17xx_clkpwr.o(i.CLKPWR_ConfigPPWR)
    i.CLKPWR_GetPCLKSEL                      0x000002d4   Section        0  lpc17xx_clkpwr.o(i.CLKPWR_GetPCLKSEL)
    .ARM.__at_0x02FC                         0x000002fc   Section        4  startup_lpc17xx.o(.ARM.__at_0x02FC)
    .text                                    0x00000300   Section      544  lib_mem_a.o(.text)
    i.CLKPWR_GetPCLK                         0x00000520   Section        0  lpc17xx_clkpwr.o(i.CLKPWR_GetPCLK)
    i.CPU_TS_TmrRd                           0x00000560   Section        0  bsp.o(i.CPU_TS_TmrRd)
    i.OSCfg_Init                             0x00000568   Section        0  os_cfg_app.o(i.OSCfg_Init)
    i.OSIdleTaskHook                         0x00000638   Section        0  os_cpu_c.o(i.OSIdleTaskHook)
    i.OSInit                                 0x0000064c   Section        0  os_core.o(i.OSInit)
    i.OSInitHook                             0x000007cc   Section        0  os_cpu_c.o(i.OSInitHook)
    i.OSIntEnter                             0x00000804   Section        0  os_core.o(i.OSIntEnter)
    i.OSIntExit                              0x00000830   Section        0  os_core.o(i.OSIntExit)
    i.OSMutexCreate                          0x0000090c   Section        0  os_mutex.o(i.OSMutexCreate)
    i.OSMutexPend                            0x00000994   Section        0  os_mutex.o(i.OSMutexPend)
    i.OSMutexPost                            0x00000be4   Section        0  os_mutex.o(i.OSMutexPost)
    i.OSSched                                0x00000d58   Section        0  os_core.o(i.OSSched)
    i.OSSchedLock                            0x00000df8   Section        0  os_core.o(i.OSSchedLock)
    i.OSSchedUnlock                          0x00000e6c   Section        0  os_core.o(i.OSSchedUnlock)
    i.OSSemCreate                            0x00000f00   Section        0  os_sem.o(i.OSSemCreate)
    i.OSSemPend                              0x00000f80   Section        0  os_sem.o(i.OSSemPend)
    i.OSSemPost                              0x00001128   Section        0  os_sem.o(i.OSSemPost)
    i.OSStart                                0x00001198   Section        0  os_core.o(i.OSStart)
    i.OSStatReset                            0x00001200   Section        0  os_stat.o(i.OSStatReset)
    i.OSStatTaskHook                         0x0000132c   Section        0  os_cpu_c.o(i.OSStatTaskHook)
    i.OSTaskCreate                           0x00001340   Section        0  os_task.o(i.OSTaskCreate)
    i.OSTaskCreateHook                       0x000014f4   Section        0  os_cpu_c.o(i.OSTaskCreateHook)
    i.OSTaskQPend                            0x0000150c   Section        0  os_task.o(i.OSTaskQPend)
    i.OSTaskQPost                            0x000016e4   Section        0  os_task.o(i.OSTaskQPost)
    i.OSTaskReturnHook                       0x00001738   Section        0  os_cpu_c.o(i.OSTaskReturnHook)
    i.OSTaskSemPend                          0x00001750   Section        0  os_task.o(i.OSTaskSemPend)
    i.OSTaskSemPost                          0x0000192c   Section        0  os_task.o(i.OSTaskSemPost)
    i.OSTaskStkChk                           0x0000196c   Section        0  os_task.o(i.OSTaskStkChk)
    i.OSTaskStkInit                          0x00001a40   Section        0  os_cpu_c.o(i.OSTaskStkInit)
    i.OSTaskSwHook                           0x00001b00   Section        0  os_cpu_c.o(i.OSTaskSwHook)
    i.OSTimeDly                              0x00001b88   Section        0  os_time.o(i.OSTimeDly)
    i.OSTimeTick                             0x00001c4c   Section        0  os_time.o(i.OSTimeTick)
    i.OSTimeTickHook                         0x00001ca8   Section        0  os_cpu_c.o(i.OSTimeTickHook)
    i.OS_CPU_SysTickHandler                  0x00001cbc   Section        0  os_cpu_c.o(i.OS_CPU_SysTickHandler)
    i.OS_CPU_SysTickInit                     0x00001cf4   Section        0  os_cpu_c.o(i.OS_CPU_SysTickInit)
    i.OS_Dbg_Init                            0x00001d24   Section        0  os_dbg.o(i.OS_Dbg_Init)
    i.OS_FlagInit                            0x00001ecc   Section        0  os_flag.o(i.OS_FlagInit)
    i.OS_IdleTask                            0x00001ee4   Section        0  os_core.o(i.OS_IdleTask)
    i.OS_IdleTaskInit                        0x00001f28   Section        0  os_core.o(i.OS_IdleTaskInit)
    i.OS_MemInit                             0x00001f98   Section        0  os_mem.o(i.OS_MemInit)
    i.OS_MsgPoolCreate                       0x00001fb0   Section        0  os_msg.o(i.OS_MsgPoolCreate)
    i.OS_MsgPoolInit                         0x00001fe8   Section        0  os_msg.o(i.OS_MsgPoolInit)
    i.OS_MsgQGet                             0x0000203c   Section        0  os_msg.o(i.OS_MsgQGet)
    i.OS_MsgQInit                            0x000020a4   Section        0  os_msg.o(i.OS_MsgQInit)
    i.OS_MsgQPut                             0x000020b4   Section        0  os_msg.o(i.OS_MsgQPut)
    i.OS_MutexDbgListAdd                     0x000021ac   Section        0  os_mutex.o(i.OS_MutexDbgListAdd)
    i.OS_MutexInit                           0x000021dc   Section        0  os_mutex.o(i.OS_MutexInit)
    i.OS_Pend                                0x000021f4   Section        0  os_core.o(i.OS_Pend)
    i.OS_PendDataInit                        0x0000225c   Section        0  os_core.o(i.OS_PendDataInit)
    i.OS_PendDbgNameAdd                      0x00002284   Section        0  os_core.o(i.OS_PendDbgNameAdd)
    i.OS_PendDbgNameRemove                   0x000022e0   Section        0  os_core.o(i.OS_PendDbgNameRemove)
    i.OS_PendListChangePrio                  0x00002304   Section        0  os_core.o(i.OS_PendListChangePrio)
    i.OS_PendListInit                        0x0000234a   Section        0  os_core.o(i.OS_PendListInit)
    i.OS_PendListInsertPrio                  0x00002354   Section        0  os_core.o(i.OS_PendListInsertPrio)
    i.OS_PendListRemove                      0x000023ba   Section        0  os_core.o(i.OS_PendListRemove)
    i.OS_PendListRemove1                     0x000023ea   Section        0  os_core.o(i.OS_PendListRemove1)
    i.OS_Post                                0x0000242c   Section        0  os_core.o(i.OS_Post)
    i.OS_Post1                               0x000024f2   Section        0  os_core.o(i.OS_Post1)
    i.OS_PrioGetHighest                      0x0000251c   Section        0  os_prio.o(i.OS_PrioGetHighest)
    i.OS_PrioInit                            0x00002544   Section        0  os_prio.o(i.OS_PrioInit)
    i.OS_PrioInsert                          0x0000255c   Section        0  os_prio.o(i.OS_PrioInsert)
    i.OS_PrioRemove                          0x00002580   Section        0  os_prio.o(i.OS_PrioRemove)
    i.OS_QInit                               0x000025a4   Section        0  os_q.o(i.OS_QInit)
    i.OS_RdyListInit                         0x000025bc   Section        0  os_core.o(i.OS_RdyListInit)
    i.OS_RdyListInsert                       0x000025e0   Section        0  os_core.o(i.OS_RdyListInsert)
    i.OS_RdyListInsertHead                   0x0000260c   Section        0  os_core.o(i.OS_RdyListInsertHead)
    i.OS_RdyListInsertTail                   0x0000264c   Section        0  os_core.o(i.OS_RdyListInsertTail)
    i.OS_RdyListMoveHeadToTail               0x00002688   Section        0  os_core.o(i.OS_RdyListMoveHeadToTail)
    i.OS_RdyListRemove                       0x000026cc   Section        0  os_core.o(i.OS_RdyListRemove)
    i.OS_SchedLockTimeMeasStart              0x00002728   Section        0  os_core.o(i.OS_SchedLockTimeMeasStart)
    i.OS_SchedLockTimeMeasStop               0x00002744   Section        0  os_core.o(i.OS_SchedLockTimeMeasStop)
    i.OS_SchedRoundRobin                     0x00002780   Section        0  os_core.o(i.OS_SchedRoundRobin)
    i.OS_SemDbgListAdd                       0x00002850   Section        0  os_sem.o(i.OS_SemDbgListAdd)
    i.OS_SemInit                             0x00002880   Section        0  os_sem.o(i.OS_SemInit)
    i.OS_SemPost                             0x00002898   Section        0  os_sem.o(i.OS_SemPost)
    i.OS_StatTask                            0x000029c0   Section        0  os_stat.o(i.OS_StatTask)
    i.OS_StatTaskInit                        0x00002cac   Section        0  os_stat.o(i.OS_StatTaskInit)
    i.OS_TaskBlock                           0x00002d78   Section        0  os_core.o(i.OS_TaskBlock)
    i.OS_TaskDbgListAdd                      0x00002db0   Section        0  os_task.o(i.OS_TaskDbgListAdd)
    i.OS_TaskInit                            0x00002de0   Section        0  os_task.o(i.OS_TaskInit)
    i.OS_TaskInitTCB                         0x00002e00   Section        0  os_task.o(i.OS_TaskInitTCB)
    i.OS_TaskQPost                           0x00002ed4   Section        0  os_task.o(i.OS_TaskQPost)
    i.OS_TaskRdy                             0x00002fb4   Section        0  os_core.o(i.OS_TaskRdy)
    i.OS_TaskReturn                          0x00002fd0   Section        0  os_task.o(i.OS_TaskReturn)
    i.OS_TaskSemPost                         0x00002ff4   Section        0  os_task.o(i.OS_TaskSemPost)
    i.OS_TickListInit                        0x000031b8   Section        0  os_tick.o(i.OS_TickListInit)
    i.OS_TickListInsert                      0x000031e0   Section        0  os_tick.o(i.OS_TickListInsert)
    i.OS_TickListRemove                      0x0000339c   Section        0  os_tick.o(i.OS_TickListRemove)
    i.OS_TickListResetPeak                   0x000033d4   Section        0  os_tick.o(i.OS_TickListResetPeak)
    i.OS_TickListUpdate                      0x000033f8   Section        0  os_tick.o(i.OS_TickListUpdate)
    i.OS_TickTask                            0x0000358c   Section        0  os_tick.o(i.OS_TickTask)
    i.OS_TickTaskInit                        0x000035b8   Section        0  os_tick.o(i.OS_TickTaskInit)
    i.OS_TmrInit                             0x00003670   Section        0  os_tmr.o(i.OS_TmrInit)
    i.OS_TmrLink                             0x00003798   Section        0  os_tmr.o(i.OS_TmrLink)
    i.OS_TmrResetPeak                        0x00003868   Section        0  os_tmr.o(i.OS_TmrResetPeak)
    i.OS_TmrTask                             0x0000388c   Section        0  os_tmr.o(i.OS_TmrTask)
    i.OS_TmrUnlink                           0x0000394c   Section        0  os_tmr.o(i.OS_TmrUnlink)
    i.PINSEL_ConfigPin                       0x0000399c   Section        0  lpc17xx_pinsel.o(i.PINSEL_ConfigPin)
    i.SystemInit                             0x000039c0   Section        0  system_lpc17xx.o(i.SystemInit)
    i.UART0_IRQHandler                       0x00003b00   Section        0  serial.o(i.UART0_IRQHandler)
    i.UART_FIFOConfig                        0x00003b54   Section        0  lpc17xx_uart.o(i.UART_FIFOConfig)
    i.UART_GetIntId                          0x00003ba0   Section        0  lpc17xx_uart.o(i.UART_GetIntId)
    i.UART_Init                              0x00003bac   Section        0  lpc17xx_uart.o(i.UART_Init)
    i.UART_IntConfig                         0x00003c4c   Section        0  lpc17xx_uart.o(i.UART_IntConfig)
    i.UART_Receive                           0x00003c8e   Section        0  lpc17xx_uart.o(i.UART_Receive)
    i.UART_ReceiveByte                       0x00003cbe   Section        0  lpc17xx_uart.o(i.UART_ReceiveByte)
    i.UART_SendByte                          0x00003cc4   Section        0  lpc17xx_uart.o(i.UART_SendByte)
    i.UART_TxCmd                             0x00003cc8   Section        0  lpc17xx_uart.o(i.UART_TxCmd)
    i.__scatterload_copy                     0x00003d10   Section       14  handlers.o(i.__scatterload_copy)
    i.__scatterload_null                     0x00003d1e   Section        2  handlers.o(i.__scatterload_null)
    i.__scatterload_zeroinit                 0x00003d20   Section       14  handlers.o(i.__scatterload_zeroinit)
    i.init_user_system                       0x00003d2e   Section        0  user_system_init.o(i.init_user_system)
    i.main                                   0x00003d38   Section        0  main.o(i.main)
    i.send_str                               0x00003d94   Section        0  ts_serv_ex.o(i.send_str)
    i.serial_init                            0x00003de0   Section        0  serial.o(i.serial_init)
    i.serial_irq_serv_register               0x00003eb4   Section        0  serial.o(i.serial_irq_serv_register)
    i.set_PinFunc                            0x00003ec8   Section        0  lpc17xx_pinsel.o(i.set_PinFunc)
    set_PinFunc                              0x00003ec9   Thumb Code    60  lpc17xx_pinsel.o(i.set_PinFunc)
    i.set_PinOpenDrainMode                   0x00003f08   Section        0  lpc17xx_pinsel.o(i.set_PinOpenDrainMode)
    set_PinOpenDrainMode                     0x00003f09   Thumb Code    42  lpc17xx_pinsel.o(i.set_PinOpenDrainMode)
    i.set_PinResistorMode                    0x00003f38   Section        0  lpc17xx_pinsel.o(i.set_PinResistorMode)
    set_PinResistorMode                      0x00003f39   Thumb Code    60  lpc17xx_pinsel.o(i.set_PinResistorMode)
    i.start_task                             0x00003f78   Section        0  main.o(i.start_task)
    i.ts_recv_isr                            0x00003fac   Section        0  ts_serv.o(i.ts_recv_isr)
    i.ts_recv_serv                           0x00004094   Section        0  ts_serv.o(i.ts_recv_serv)
    i.ts_send_back                           0x000040a4   Section        0  ts_serv_ex.o(i.ts_send_back)
    i.ts_send_byte                           0x000040d4   Section        0  ts_serv_ex.o(i.ts_send_byte)
    i.ts_send_byte_str                       0x000040e8   Section        0  ts_serv_ex.o(i.ts_send_byte_str)
    i.ts_send_byte_str_remain                0x00004130   Section        0  ts_serv_ex.o(i.ts_send_byte_str_remain)
    i.ts_serv_ex_init                        0x00004174   Section        0  ts_serv_ex.o(i.ts_serv_ex_init)
    i.ts_serv_init                           0x000041b0   Section        0  ts_serv.o(i.ts_serv_init)
    i.ts_serv_task                           0x00004218   Section        0  ts_serv.o(i.ts_serv_task)
    i.uart_set_divisors                      0x00004240   Section        0  lpc17xx_uart.o(i.uart_set_divisors)
    uart_set_divisors                        0x00004241   Thumb Code   338  lpc17xx_uart.o(i.uart_set_divisors)
    i.vir_init                               0x00004398   Section        0  vir.o(i.vir_init)
    .constdata                               0x000043a0   Section      164  os_cfg_app.o(.constdata)
    .constdata                               0x00004444   Section      364  os_dbg.o(.constdata)
    .bss                                     0x10000000   Section     5776  os_cfg_app.o(.bss)
    .data                                    0x2007c000   Section        4  system_lpc17xx.o(.data)
    .data                                    0x2007c004   Section       24  ts_serv_ex.o(.data)
    ts_q_serv                                0x2007c004   Data           4  ts_serv_ex.o(.data)
    .data                                    0x2007c01c   Section       12  serial.o(.data)
    .data                                    0x2007c028   Section        4  os_prio.o(.data)
    .data                                    0x2007c02c   Section      180  os_var.o(.data)
    .data                                    0x2007c0e0   Section        4  os_cpu_c.o(.data)
    .bss                                     0x2007c0e4   Section      996  main.o(.bss)
    .bss                                     0x2007c4c8   Section     1060  ts_serv.o(.bss)
    .bss                                     0x2007c8ec   Section      148  ts_serv_ex.o(.bss)
    .bss                                     0x2007c980   Section       64  serial.o(.bss)
    .bss                                     0x2007c9c0   Section     1180  os_var.o(.bss)
    STACK                                    0x2007ce60   Section      512  startup_lpc17xx.o(STACK)

    Global Symbols

    Symbol Name                              Value     Ov Type        Size  Object(Section)

    BuildAttributes$$THM_ISAv4$P$D$K$B$S$PE$A:L22UL41UL21$X:L11$S22US41US21$IEEE1$IW$USESV6$~STKCKD$USESV7$~SHL$OTIME$ROPI$EBA8$MICROLIB$REQ8$PRES8$EABIv2 0x00000000   Number         0  anon$$obj.o ABSOLUTE
    __ARM_use_no_argv                        0x00000000   Number         0  main.o ABSOLUTE
    __Vectors                                0x00000000   Data           4  startup_lpc17xx.o(RESET)
    __decompress                              - Undefined Weak Reference
    _clock_init                               - Undefined Weak Reference
    __main                                   0x000000cd   Thumb Code     0  entry.o(.ARM.Collect$$$$00000000)
    _main_stk                                0x000000cd   Thumb Code     0  entry2.o(.ARM.Collect$$$$00000001)
    _main_scatterload                        0x000000d1   Thumb Code     0  entry5.o(.ARM.Collect$$$$00000004)
    __main_after_scatterload                 0x000000d5   Thumb Code     0  entry5.o(.ARM.Collect$$$$00000004)
    _main_clock                              0x000000d5   Thumb Code     0  entry7b.o(.ARM.Collect$$$$00000008)
    _main_init                               0x000000d5   Thumb Code     0  entry8.o(.ARM.Collect$$$$00000009)
    Reset_Handler                            0x000000e1   Thumb Code     8  startup_lpc17xx.o(.text)
    NMI_Handler                              0x000000e9   Thumb Code     2  startup_lpc17xx.o(.text)
    HardFault_Handler                        0x000000eb   Thumb Code     2  startup_lpc17xx.o(.text)
    MemManage_Handler                        0x000000ed   Thumb Code     2  startup_lpc17xx.o(.text)
    BusFault_Handler                         0x000000ef   Thumb Code     2  startup_lpc17xx.o(.text)
    UsageFault_Handler                       0x000000f1   Thumb Code     2  startup_lpc17xx.o(.text)
    SVC_Handler                              0x000000f3   Thumb Code     2  startup_lpc17xx.o(.text)
    DebugMon_Handler                         0x000000f5   Thumb Code     2  startup_lpc17xx.o(.text)
    PendSV_Handler                           0x000000f7   Thumb Code     2  startup_lpc17xx.o(.text)
    SysTick_Handler                          0x000000f9   Thumb Code     2  startup_lpc17xx.o(.text)
    ADC_IRQHandler                           0x000000fb   Thumb Code     0  startup_lpc17xx.o(.text)
    BOD_IRQHandler                           0x000000fb   Thumb Code     0  startup_lpc17xx.o(.text)
    CANActivity_IRQHandler                   0x000000fb   Thumb Code     0  startup_lpc17xx.o(.text)
    CAN_IRQHandler                           0x000000fb   Thumb Code     0  startup_lpc17xx.o(.text)
    DMA_IRQHandler                           0x000000fb   Thumb Code     0  startup_lpc17xx.o(.text)
    EINT0_IRQHandler                         0x000000fb   Thumb Code     0  startup_lpc17xx.o(.text)
    EINT1_IRQHandler                         0x000000fb   Thumb Code     0  startup_lpc17xx.o(.text)
    EINT2_IRQHandler                         0x000000fb   Thumb Code     0  startup_lpc17xx.o(.text)
    EINT3_IRQHandler                         0x000000fb   Thumb Code     0  startup_lpc17xx.o(.text)
    ENET_IRQHandler                          0x000000fb   Thumb Code     0  startup_lpc17xx.o(.text)
    I2C0_IRQHandler                          0x000000fb   Thumb Code     0  startup_lpc17xx.o(.text)
    I2C1_IRQHandler                          0x000000fb   Thumb Code     0  startup_lpc17xx.o(.text)
    I2C2_IRQHandler                          0x000000fb   Thumb Code     0  startup_lpc17xx.o(.text)
    I2S_IRQHandler                           0x000000fb   Thumb Code     0  startup_lpc17xx.o(.text)
    MCPWM_IRQHandler                         0x000000fb   Thumb Code     0  startup_lpc17xx.o(.text)
    PLL0_IRQHandler                          0x000000fb   Thumb Code     0  startup_lpc17xx.o(.text)
    PLL1_IRQHandler                          0x000000fb   Thumb Code     0  startup_lpc17xx.o(.text)
    PWM1_IRQHandler                          0x000000fb   Thumb Code     0  startup_lpc17xx.o(.text)
    QEI_IRQHandler                           0x000000fb   Thumb Code     0  startup_lpc17xx.o(.text)
    RIT_IRQHandler                           0x000000fb   Thumb Code     0  startup_lpc17xx.o(.text)
    RTC_IRQHandler                           0x000000fb   Thumb Code     0  startup_lpc17xx.o(.text)
    SPI_IRQHandler                           0x000000fb   Thumb Code     0  startup_lpc17xx.o(.text)
    SSP0_IRQHandler                          0x000000fb   Thumb Code     0  startup_lpc17xx.o(.text)
    SSP1_IRQHandler                          0x000000fb   Thumb Code     0  startup_lpc17xx.o(.text)
    TIMER0_IRQHandler                        0x000000fb   Thumb Code     0  startup_lpc17xx.o(.text)
    TIMER1_IRQHandler                        0x000000fb   Thumb Code     0  startup_lpc17xx.o(.text)
    TIMER2_IRQHandler                        0x000000fb   Thumb Code     0  startup_lpc17xx.o(.text)
    TIMER3_IRQHandler                        0x000000fb   Thumb Code     0  startup_lpc17xx.o(.text)
    UART1_IRQHandler                         0x000000fb   Thumb Code     0  startup_lpc17xx.o(.text)
    UART2_IRQHandler                         0x000000fb   Thumb Code     0  startup_lpc17xx.o(.text)
    UART3_IRQHandler                         0x000000fb   Thumb Code     0  startup_lpc17xx.o(.text)
    USBActivity_IRQHandler                   0x000000fb   Thumb Code     0  startup_lpc17xx.o(.text)
    USB_IRQHandler                           0x000000fb   Thumb Code     0  startup_lpc17xx.o(.text)
    WDT_IRQHandler                           0x000000fb   Thumb Code     0  startup_lpc17xx.o(.text)
    CPU_IntDis                               0x00000105   Thumb Code     0  cpu_a.o(.text)
    CPU_IntEn                                0x00000109   Thumb Code     0  cpu_a.o(.text)
    CPU_SR_Save                              0x0000010d   Thumb Code     0  cpu_a.o(.text)
    CPU_SR_Restore                           0x00000115   Thumb Code     0  cpu_a.o(.text)
    CPU_WaitForInt                           0x0000011b   Thumb Code     0  cpu_a.o(.text)
    CPU_WaitForExcept                        0x0000011f   Thumb Code     0  cpu_a.o(.text)
    CPU_CntLeadZeros                         0x00000123   Thumb Code     0  cpu_a.o(.text)
    CPU_CntTrailZeros                        0x00000129   Thumb Code     0  cpu_a.o(.text)
    CPU_RevBits                              0x00000133   Thumb Code     0  cpu_a.o(.text)
    __aeabi_uldivmod                         0x00000139   Thumb Code    98  uldiv.o(.text)
    __aeabi_llsl                             0x0000019b   Thumb Code    30  llshl.o(.text)
    _ll_shift_l                              0x0000019b   Thumb Code     0  llshl.o(.text)
    __aeabi_llsr                             0x000001b9   Thumb Code    32  llushr.o(.text)
    _ll_ushift_r                             0x000001b9   Thumb Code     0  llushr.o(.text)
    __scatterload                            0x000001d9   Thumb Code    28  init.o(.text)
    __scatterload_rt2                        0x000001d9   Thumb Code     0  init.o(.text)
    OSStartHighRdy                           0x000001fd   Thumb Code     0  os_cpu_a.o(CODE)
    OSCtxSw                                  0x0000021f   Thumb Code     0  os_cpu_a.o(CODE)
    OSIntCtxSw                               0x00000229   Thumb Code     0  os_cpu_a.o(CODE)
    OS_CPU_PendSVHandler                     0x00000233   Thumb Code     0  os_cpu_a.o(CODE)
    CLKPWR_ConfigPPWR                        0x00000295   Thumb Code    50  lpc17xx_clkpwr.o(i.CLKPWR_ConfigPPWR)
    CLKPWR_GetPCLKSEL                        0x000002d5   Thumb Code    32  lpc17xx_clkpwr.o(i.CLKPWR_GetPCLKSEL)
    Mem_Copy                                 0x00000301   Thumb Code     0  lib_mem_a.o(.text)
    CLKPWR_GetPCLK                           0x00000521   Thumb Code    58  lpc17xx_clkpwr.o(i.CLKPWR_GetPCLK)
    CPU_TS_TmrRd                             0x00000561   Thumb Code     8  bsp.o(i.CPU_TS_TmrRd)
    OSCfg_Init                               0x00000569   Thumb Code    72  os_cfg_app.o(i.OSCfg_Init)
    OSIdleTaskHook                           0x00000639   Thumb Code    16  os_cpu_c.o(i.OSIdleTaskHook)
    OSInit                                   0x0000064d   Thumb Code   288  os_core.o(i.OSInit)
    OSInitHook                               0x000007cd   Thumb Code    42  os_cpu_c.o(i.OSInitHook)
    OSIntEnter                               0x00000805   Thumb Code    34  os_core.o(i.OSIntEnter)
    OSIntExit                                0x00000831   Thumb Code   188  os_core.o(i.OSIntExit)
    OSMutexCreate                            0x0000090d   Thumb Code   122  os_mutex.o(i.OSMutexCreate)
    OSMutexPend                              0x00000995   Thumb Code   574  os_mutex.o(i.OSMutexPend)
    OSMutexPost                              0x00000be5   Thumb Code   354  os_mutex.o(i.OSMutexPost)
    OSSched                                  0x00000d59   Thumb Code   130  os_core.o(i.OSSched)
    OSSchedLock                              0x00000df9   Thumb Code   104  os_core.o(i.OSSchedLock)
    OSSchedUnlock                            0x00000e6d   Thumb Code   136  os_core.o(i.OSSchedUnlock)
    OSSemCreate                              0x00000f01   Thumb Code   116  os_sem.o(i.OSSemCreate)
    OSSemPend                                0x00000f81   Thumb Code   406  os_sem.o(i.OSSemPend)
    OSSemPost                                0x00001129   Thumb Code   108  os_sem.o(i.OSSemPost)
    OSStart                                  0x00001199   Thumb Code    78  os_core.o(i.OSStart)
    OSStatReset                              0x00001201   Thumb Code   268  os_stat.o(i.OSStatReset)
    OSStatTaskHook                           0x0000132d   Thumb Code    16  os_cpu_c.o(i.OSStatTaskHook)
    OSTaskCreate                             0x00001341   Thumb Code   410  os_task.o(i.OSTaskCreate)
    OSTaskCreateHook                         0x000014f5   Thumb Code    20  os_cpu_c.o(i.OSTaskCreateHook)
    OSTaskQPend                              0x0000150d   Thumb Code   458  os_task.o(i.OSTaskQPend)
    OSTaskQPost                              0x000016e5   Thumb Code    82  os_task.o(i.OSTaskQPost)
    OSTaskReturnHook                         0x00001739   Thumb Code    20  os_cpu_c.o(i.OSTaskReturnHook)
    OSTaskSemPend                            0x00001751   Thumb Code   464  os_task.o(i.OSTaskSemPend)
    OSTaskSemPost                            0x0000192d   Thumb Code    62  os_task.o(i.OSTaskSemPost)
    OSTaskStkChk                             0x0000196d   Thumb Code   204  os_task.o(i.OSTaskStkChk)
    OSTaskStkInit                            0x00001a41   Thumb Code   188  os_cpu_c.o(i.OSTaskStkInit)
    OSTaskSwHook                             0x00001b01   Thumb Code   120  os_cpu_c.o(i.OSTaskSwHook)
    OSTimeDly                                0x00001b89   Thumb Code   182  os_time.o(i.OSTimeDly)
    OSTimeTick                               0x00001c4d   Thumb Code    68  os_time.o(i.OSTimeTick)
    OSTimeTickHook                           0x00001ca9   Thumb Code    16  os_cpu_c.o(i.OSTimeTickHook)
    OS_CPU_SysTickHandler                    0x00001cbd   Thumb Code    52  os_cpu_c.o(i.OS_CPU_SysTickHandler)
    OS_CPU_SysTickInit                       0x00001cf5   Thumb Code    44  os_cpu_c.o(i.OS_CPU_SysTickInit)
    OS_Dbg_Init                              0x00001d25   Thumb Code   144  os_dbg.o(i.OS_Dbg_Init)
    OS_FlagInit                              0x00001ecd   Thumb Code    14  os_flag.o(i.OS_FlagInit)
    OS_IdleTask                              0x00001ee5   Thumb Code    60  os_core.o(i.OS_IdleTask)
    OS_IdleTaskInit                          0x00001f29   Thumb Code    66  os_core.o(i.OS_IdleTaskInit)
    OS_MemInit                               0x00001f99   Thumb Code    14  os_mem.o(i.OS_MemInit)
    OS_MsgPoolCreate                         0x00001fb1   Thumb Code    54  os_msg.o(i.OS_MsgPoolCreate)
    OS_MsgPoolInit                           0x00001fe9   Thumb Code    70  os_msg.o(i.OS_MsgPoolInit)
    OS_MsgQGet                               0x0000203d   Thumb Code    98  os_msg.o(i.OS_MsgQGet)
    OS_MsgQInit                              0x000020a5   Thumb Code    14  os_msg.o(i.OS_MsgQInit)
    OS_MsgQPut                               0x000020b5   Thumb Code   242  os_msg.o(i.OS_MsgQPut)
    OS_MutexDbgListAdd                       0x000021ad   Thumb Code    38  os_mutex.o(i.OS_MutexDbgListAdd)
    OS_MutexInit                             0x000021dd   Thumb Code    14  os_mutex.o(i.OS_MutexInit)
    OS_Pend                                  0x000021f5   Thumb Code    98  os_core.o(i.OS_Pend)
    OS_PendDataInit                          0x0000225d   Thumb Code    38  os_core.o(i.OS_PendDataInit)
    OS_PendDbgNameAdd                        0x00002285   Thumb Code    66  os_core.o(i.OS_PendDbgNameAdd)
    OS_PendDbgNameRemove                     0x000022e1   Thumb Code    30  os_core.o(i.OS_PendDbgNameRemove)
    OS_PendListChangePrio                    0x00002305   Thumb Code    70  os_core.o(i.OS_PendListChangePrio)
    OS_PendListInit                          0x0000234b   Thumb Code    10  os_core.o(i.OS_PendListInit)
    OS_PendListInsertPrio                    0x00002355   Thumb Code   102  os_core.o(i.OS_PendListInsertPrio)
    OS_PendListRemove                        0x000023bb   Thumb Code    48  os_core.o(i.OS_PendListRemove)
    OS_PendListRemove1                       0x000023eb   Thumb Code    66  os_core.o(i.OS_PendListRemove1)
    OS_Post                                  0x0000242d   Thumb Code   198  os_core.o(i.OS_Post)
    OS_Post1                                 0x000024f3   Thumb Code    42  os_core.o(i.OS_Post1)
    OS_PrioGetHighest                        0x0000251d   Thumb Code    36  os_prio.o(i.OS_PrioGetHighest)
    OS_PrioInit                              0x00002545   Thumb Code    20  os_prio.o(i.OS_PrioInit)
    OS_PrioInsert                            0x0000255d   Thumb Code    32  os_prio.o(i.OS_PrioInsert)
    OS_PrioRemove                            0x00002581   Thumb Code    32  os_prio.o(i.OS_PrioRemove)
    OS_QInit                                 0x000025a5   Thumb Code    14  os_q.o(i.OS_QInit)
    OS_RdyListInit                           0x000025bd   Thumb Code    32  os_core.o(i.OS_RdyListInit)
    OS_RdyListInsert                         0x000025e1   Thumb Code    40  os_core.o(i.OS_RdyListInsert)
    OS_RdyListInsertHead                     0x0000260d   Thumb Code    58  os_core.o(i.OS_RdyListInsertHead)
    OS_RdyListInsertTail                     0x0000264d   Thumb Code    56  os_core.o(i.OS_RdyListInsertTail)
    OS_RdyListMoveHeadToTail                 0x00002689   Thumb Code    68  os_core.o(i.OS_RdyListMoveHeadToTail)
    OS_RdyListRemove                         0x000026cd   Thumb Code    86  os_core.o(i.OS_RdyListRemove)
    OS_SchedLockTimeMeasStart                0x00002729   Thumb Code    20  os_core.o(i.OS_SchedLockTimeMeasStart)
    OS_SchedLockTimeMeasStop                 0x00002745   Thumb Code    44  os_core.o(i.OS_SchedLockTimeMeasStop)
    OS_SchedRoundRobin                       0x00002781   Thumb Code   190  os_core.o(i.OS_SchedRoundRobin)
    OS_SemDbgListAdd                         0x00002851   Thumb Code    38  os_sem.o(i.OS_SemDbgListAdd)
    OS_SemInit                               0x00002881   Thumb Code    14  os_sem.o(i.OS_SemInit)
    OS_SemPost                               0x00002899   Thumb Code   294  os_sem.o(i.OS_SemPost)
    OS_StatTask                              0x000029c1   Thumb Code   686  os_stat.o(i.OS_StatTask)
    OS_StatTaskInit                          0x00002cad   Thumb Code   136  os_stat.o(i.OS_StatTaskInit)
    OS_TaskBlock                             0x00002d79   Thumb Code    56  os_core.o(i.OS_TaskBlock)
    OS_TaskDbgListAdd                        0x00002db1   Thumb Code    42  os_task.o(i.OS_TaskDbgListAdd)
    OS_TaskInit                              0x00002de1   Thumb Code    18  os_task.o(i.OS_TaskInit)
    OS_TaskInitTCB                           0x00002e01   Thumb Code   198  os_task.o(i.OS_TaskInitTCB)
    OS_TaskQPost                             0x00002ed5   Thumb Code   220  os_task.o(i.OS_TaskQPost)
    OS_TaskRdy                               0x00002fb5   Thumb Code    28  os_core.o(i.OS_TaskRdy)
    OS_TaskReturn                            0x00002fd1   Thumb Code    26  os_task.o(i.OS_TaskReturn)
    OS_TaskSemPost                           0x00002ff5   Thumb Code   446  os_task.o(i.OS_TaskSemPost)
    OS_TickListInit                          0x000031b9   Thumb Code    32  os_tick.o(i.OS_TickListInit)
    OS_TickListInsert                        0x000031e1   Thumb Code   430  os_tick.o(i.OS_TickListInsert)
    OS_TickListRemove                        0x0000339d   Thumb Code    56  os_tick.o(i.OS_TickListRemove)
    OS_TickListResetPeak                     0x000033d5   Thumb Code    28  os_tick.o(i.OS_TickListResetPeak)
    OS_TickListUpdate                        0x000033f9   Thumb Code   388  os_tick.o(i.OS_TickListUpdate)
    OS_TickTask                              0x0000358d   Thumb Code    38  os_tick.o(i.OS_TickTask)
    OS_TickTaskInit                          0x000035b9   Thumb Code   128  os_tick.o(i.OS_TickTaskInit)
    OS_TmrInit                               0x00003671   Thumb Code   206  os_tmr.o(i.OS_TmrInit)
    OS_TmrLink                               0x00003799   Thumb Code   196  os_tmr.o(i.OS_TmrLink)
    OS_TmrResetPeak                          0x00003869   Thumb Code    28  os_tmr.o(i.OS_TmrResetPeak)
    OS_TmrTask                               0x0000388d   Thumb Code   176  os_tmr.o(i.OS_TmrTask)
    OS_TmrUnlink                             0x0000394d   Thumb Code    72  os_tmr.o(i.OS_TmrUnlink)
    PINSEL_ConfigPin                         0x0000399d   Thumb Code    36  lpc17xx_pinsel.o(i.PINSEL_ConfigPin)
    SystemInit                               0x000039c1   Thumb Code   268  system_lpc17xx.o(i.SystemInit)
    UART0_IRQHandler                         0x00003b01   Thumb Code    64  serial.o(i.UART0_IRQHandler)
    UART_FIFOConfig                          0x00003b55   Thumb Code    76  lpc17xx_uart.o(i.UART_FIFOConfig)
    UART_GetIntId                            0x00003ba1   Thumb Code    12  lpc17xx_uart.o(i.UART_GetIntId)
    UART_Init                                0x00003bad   Thumb Code   156  lpc17xx_uart.o(i.UART_Init)
    UART_IntConfig                           0x00003c4d   Thumb Code    66  lpc17xx_uart.o(i.UART_IntConfig)
    UART_Receive                             0x00003c8f   Thumb Code    48  lpc17xx_uart.o(i.UART_Receive)
    UART_ReceiveByte                         0x00003cbf   Thumb Code     6  lpc17xx_uart.o(i.UART_ReceiveByte)
    UART_SendByte                            0x00003cc5   Thumb Code     4  lpc17xx_uart.o(i.UART_SendByte)
    UART_TxCmd                               0x00003cc9   Thumb Code    68  lpc17xx_uart.o(i.UART_TxCmd)
    __scatterload_copy                       0x00003d11   Thumb Code    14  handlers.o(i.__scatterload_copy)
    __scatterload_null                       0x00003d1f   Thumb Code     2  handlers.o(i.__scatterload_null)
    __scatterload_zeroinit                   0x00003d21   Thumb Code    14  handlers.o(i.__scatterload_zeroinit)
    init_user_system                         0x00003d2f   Thumb Code     8  user_system_init.o(i.init_user_system)
    main                                     0x00003d39   Thumb Code    68  main.o(i.main)
    send_str                                 0x00003d95   Thumb Code    72  ts_serv_ex.o(i.send_str)
    serial_init                              0x00003de1   Thumb Code   198  serial.o(i.serial_init)
    serial_irq_serv_register                 0x00003eb5   Thumb Code    10  serial.o(i.serial_irq_serv_register)
    start_task                               0x00003f79   Thumb Code    44  main.o(i.start_task)
    ts_recv_isr                              0x00003fad   Thumb Code   218  ts_serv.o(i.ts_recv_isr)
    ts_recv_serv                             0x00004095   Thumb Code    16  ts_serv.o(i.ts_recv_serv)
    ts_send_back                             0x000040a5   Thumb Code    42  ts_serv_ex.o(i.ts_send_back)
    ts_send_byte                             0x000040d5   Thumb Code    14  ts_serv_ex.o(i.ts_send_byte)
    ts_send_byte_str                         0x000040e9   Thumb Code    54  ts_serv_ex.o(i.ts_send_byte_str)
    ts_send_byte_str_remain                  0x00004131   Thumb Code    50  ts_serv_ex.o(i.ts_send_byte_str_remain)
    ts_serv_ex_init                          0x00004175   Thumb Code    26  ts_serv_ex.o(i.ts_serv_ex_init)
    ts_serv_init                             0x000041b1   Thumb Code    66  ts_serv.o(i.ts_serv_init)
    ts_serv_task                             0x00004219   Thumb Code    40  ts_serv.o(i.ts_serv_task)
    vir_init                                 0x00004399   Thumb Code     8  vir.o(i.vir_init)
    OSCfg_IdleTaskStkBasePtr                 0x000043a0   Data           4  os_cfg_app.o(.constdata)
    OSCfg_IdleTaskStkLimit                   0x000043a4   Data           4  os_cfg_app.o(.constdata)
    OSCfg_IdleTaskStkSize                    0x000043a8   Data           4  os_cfg_app.o(.constdata)
    OSCfg_IdleTaskStkSizeRAM                 0x000043ac   Data           4  os_cfg_app.o(.constdata)
    OSCfg_IntQBasePtr                        0x000043b0   Data           4  os_cfg_app.o(.constdata)
    OSCfg_IntQSize                           0x000043b4   Data           2  os_cfg_app.o(.constdata)
    OSCfg_IntQSizeRAM                        0x000043b8   Data           4  os_cfg_app.o(.constdata)
    OSCfg_IntQTaskStkBasePtr                 0x000043bc   Data           4  os_cfg_app.o(.constdata)
    OSCfg_IntQTaskStkLimit                   0x000043c0   Data           4  os_cfg_app.o(.constdata)
    OSCfg_IntQTaskStkSize                    0x000043c4   Data           4  os_cfg_app.o(.constdata)
    OSCfg_IntQTaskStkSizeRAM                 0x000043c8   Data           4  os_cfg_app.o(.constdata)
    OSCfg_ISRStkBasePtr                      0x000043cc   Data           4  os_cfg_app.o(.constdata)
    OSCfg_ISRStkSize                         0x000043d0   Data           4  os_cfg_app.o(.constdata)
    OSCfg_ISRStkSizeRAM                      0x000043d4   Data           4  os_cfg_app.o(.constdata)
    OSCfg_MsgPoolSize                        0x000043d8   Data           2  os_cfg_app.o(.constdata)
    OSCfg_MsgPoolSizeRAM                     0x000043dc   Data           4  os_cfg_app.o(.constdata)
    OSCfg_MsgPoolBasePtr                     0x000043e0   Data           4  os_cfg_app.o(.constdata)
    OSCfg_StatTaskPrio                       0x000043e4   Data           1  os_cfg_app.o(.constdata)
    OSCfg_StatTaskRate_Hz                    0x000043e8   Data           4  os_cfg_app.o(.constdata)
    OSCfg_StatTaskStkBasePtr                 0x000043ec   Data           4  os_cfg_app.o(.constdata)
    OSCfg_StatTaskStkLimit                   0x000043f0   Data           4  os_cfg_app.o(.constdata)
    OSCfg_StatTaskStkSize                    0x000043f4   Data           4  os_cfg_app.o(.constdata)
    OSCfg_StatTaskStkSizeRAM                 0x000043f8   Data           4  os_cfg_app.o(.constdata)
    OSCfg_StkSizeMin                         0x000043fc   Data           4  os_cfg_app.o(.constdata)
    OSCfg_TickRate_Hz                        0x00004400   Data           4  os_cfg_app.o(.constdata)
    OSCfg_TickTaskPrio                       0x00004404   Data           1  os_cfg_app.o(.constdata)
    OSCfg_TickTaskStkBasePtr                 0x00004408   Data           4  os_cfg_app.o(.constdata)
    OSCfg_TickTaskStkLimit                   0x0000440c   Data           4  os_cfg_app.o(.constdata)
    OSCfg_TickTaskStkSize                    0x00004410   Data           4  os_cfg_app.o(.constdata)
    OSCfg_TickTaskStkSizeRAM                 0x00004414   Data           4  os_cfg_app.o(.constdata)
    OSCfg_TickWheelSize                      0x00004418   Data           2  os_cfg_app.o(.constdata)
    OSCfg_TickWheelSizeRAM                   0x0000441c   Data           4  os_cfg_app.o(.constdata)
    OSCfg_TmrTaskPrio                        0x00004420   Data           1  os_cfg_app.o(.constdata)
    OSCfg_TmrTaskRate_Hz                     0x00004424   Data           4  os_cfg_app.o(.constdata)
    OSCfg_TmrTaskStkBasePtr                  0x00004428   Data           4  os_cfg_app.o(.constdata)
    OSCfg_TmrTaskStkLimit                    0x0000442c   Data           4  os_cfg_app.o(.constdata)
    OSCfg_TmrTaskStkSize                     0x00004430   Data           4  os_cfg_app.o(.constdata)
    OSCfg_TmrTaskStkSizeRAM                  0x00004434   Data           4  os_cfg_app.o(.constdata)
    OSCfg_TmrWheelSize                       0x00004438   Data           2  os_cfg_app.o(.constdata)
    OSCfg_TmrWheelSizeRAM                    0x0000443c   Data           4  os_cfg_app.o(.constdata)
    OSCfg_DataSizeRAM                        0x00004440   Data           4  os_cfg_app.o(.constdata)
    OSDbg_DbgEn                              0x00004444   Data           2  os_dbg.o(.constdata)
    OSDbg_ArgChkEn                           0x00004446   Data           1  os_dbg.o(.constdata)
    OSDbg_AppHooksEn                         0x00004447   Data           1  os_dbg.o(.constdata)
    OSDbg_EndiannessTest                     0x00004448   Data           4  os_dbg.o(.constdata)
    OSDbg_CalledFromISRChkEn                 0x0000444c   Data           1  os_dbg.o(.constdata)
    OSDbg_FlagEn                             0x0000444d   Data           1  os_dbg.o(.constdata)
    OSDbg_FlagGrp                            0x00004450   Data          40  os_dbg.o(.constdata)
    OSDbg_FlagDelEn                          0x00004478   Data           1  os_dbg.o(.constdata)
    OSDbg_FlagModeClrEn                      0x00004479   Data           1  os_dbg.o(.constdata)
    OSDbg_FlagPendAbortEn                    0x0000447a   Data           1  os_dbg.o(.constdata)
    OSDbg_FlagGrpSize                        0x0000447c   Data           2  os_dbg.o(.constdata)
    OSDbg_FlagWidth                          0x0000447e   Data           2  os_dbg.o(.constdata)
    OSDbg_IntQ                               0x00004480   Data           2  os_dbg.o(.constdata)
    OSDbg_ISRPostDeferredEn                  0x00004482   Data           1  os_dbg.o(.constdata)
    OSDbg_Mem                                0x00004484   Data          32  os_dbg.o(.constdata)
    OSDbg_MemEn                              0x000044a4   Data           1  os_dbg.o(.constdata)
    OSDbg_MemSize                            0x000044a6   Data           2  os_dbg.o(.constdata)
    OSDbg_MsgEn                              0x000044a8   Data           1  os_dbg.o(.constdata)
    OSDbg_MsgSize                            0x000044aa   Data           2  os_dbg.o(.constdata)
    OSDbg_MsgPoolSize                        0x000044ac   Data           2  os_dbg.o(.constdata)
    OSDbg_MsgQSize                           0x000044ae   Data           2  os_dbg.o(.constdata)
    OSDbg_Mutex                              0x000044b0   Data          44  os_dbg.o(.constdata)
    OSDbg_MutexEn                            0x000044dc   Data           1  os_dbg.o(.constdata)
    OSDbg_MutexDelEn                         0x000044dd   Data           1  os_dbg.o(.constdata)
    OSDbg_MutexPendAbortEn                   0x000044de   Data           1  os_dbg.o(.constdata)
    OSDbg_MutexSize                          0x000044e0   Data           2  os_dbg.o(.constdata)
    OSDbg_ObjTypeChkEn                       0x000044e2   Data           1  os_dbg.o(.constdata)
    OSDbg_PendMultiEn                        0x000044e3   Data           1  os_dbg.o(.constdata)
    OSDbg_PendDataSize                       0x000044e4   Data           2  os_dbg.o(.constdata)
    OSDbg_PendListSize                       0x000044e6   Data           2  os_dbg.o(.constdata)
    OSDbg_PendObjSize                        0x000044e8   Data           2  os_dbg.o(.constdata)
    OSDbg_PrioMax                            0x000044ea   Data           2  os_dbg.o(.constdata)
    OSDbg_PrioTblSize                        0x000044ec   Data           2  os_dbg.o(.constdata)
    OSDbg_PtrSize                            0x000044ee   Data           2  os_dbg.o(.constdata)
    OSDbg_Q                                  0x000044f0   Data          48  os_dbg.o(.constdata)
    OSDbg_QEn                                0x00004520   Data           1  os_dbg.o(.constdata)
    OSDbg_QDelEn                             0x00004521   Data           1  os_dbg.o(.constdata)
    OSDbg_QFlushEn                           0x00004522   Data           1  os_dbg.o(.constdata)
    OSDbg_QPendAbortEn                       0x00004523   Data           1  os_dbg.o(.constdata)
    OSDbg_QSize                              0x00004524   Data           2  os_dbg.o(.constdata)
    OSDbg_SchedRoundRobinEn                  0x00004526   Data           1  os_dbg.o(.constdata)
    OSDbg_Sem                                0x00004528   Data          40  os_dbg.o(.constdata)
    OSDbg_SemEn                              0x00004550   Data           1  os_dbg.o(.constdata)
    OSDbg_SemDelEn                           0x00004551   Data           1  os_dbg.o(.constdata)
    OSDbg_SemPendAbortEn                     0x00004552   Data           1  os_dbg.o(.constdata)
    OSDbg_SemSetEn                           0x00004553   Data           1  os_dbg.o(.constdata)
    OSDbg_SemSize                            0x00004554   Data           2  os_dbg.o(.constdata)
    OSDbg_RdyList                            0x00004556   Data           2  os_dbg.o(.constdata)
    OSDbg_RdyListSize                        0x00004558   Data           4  os_dbg.o(.constdata)
    OSDbg_StkWidth                           0x0000455c   Data           1  os_dbg.o(.constdata)
    OSDbg_StatTaskEn                         0x0000455d   Data           1  os_dbg.o(.constdata)
    OSDbg_StatTaskStkChkEn                   0x0000455e   Data           1  os_dbg.o(.constdata)
    OSDbg_TaskChangePrioEn                   0x0000455f   Data           1  os_dbg.o(.constdata)
    OSDbg_TaskDelEn                          0x00004560   Data           1  os_dbg.o(.constdata)
    OSDbg_TaskQEn                            0x00004561   Data           1  os_dbg.o(.constdata)
    OSDbg_TaskQPendAbortEn                   0x00004562   Data           1  os_dbg.o(.constdata)
    OSDbg_TaskProfileEn                      0x00004563   Data           1  os_dbg.o(.constdata)
    OSDbg_TaskRegTblSize                     0x00004564   Data           2  os_dbg.o(.constdata)
    OSDbg_TaskSemPendAbortEn                 0x00004566   Data           1  os_dbg.o(.constdata)
    OSDbg_TaskSuspendEn                      0x00004567   Data           1  os_dbg.o(.constdata)
    OSDbg_TCBSize                            0x00004568   Data           2  os_dbg.o(.constdata)
    OSDbg_TickSpokeSize                      0x0000456a   Data           2  os_dbg.o(.constdata)
    OSDbg_TimeDlyHMSMEn                      0x0000456c   Data           1  os_dbg.o(.constdata)
    OSDbg_TimeDlyResumeEn                    0x0000456d   Data           1  os_dbg.o(.constdata)
    OSDbg_TLS_TblSize                        0x0000456e   Data           2  os_dbg.o(.constdata)
    OSDbg_Tmr                                0x00004570   Data          52  os_dbg.o(.constdata)
    OSDbg_TmrEn                              0x000045a4   Data           1  os_dbg.o(.constdata)
    OSDbg_TmrDelEn                           0x000045a5   Data           1  os_dbg.o(.constdata)
    OSDbg_TmrSize                            0x000045a6   Data           2  os_dbg.o(.constdata)
    OSDbg_TmrSpokeSize                       0x000045a8   Data           2  os_dbg.o(.constdata)
    OSDbg_VersionNbr                         0x000045aa   Data           2  os_dbg.o(.constdata)
    OSDbg_DataSize                           0x000045ac   Data           4  os_dbg.o(.constdata)
    Region$$Table$$Base                      0x000045b0   Number         0  anon$$obj.o(Region$$Table)
    Region$$Table$$Limit                     0x000045e0   Number         0  anon$$obj.o(Region$$Table)
    OSCfg_IdleTaskStk                        0x10000000   Data         256  os_cfg_app.o(.bss)
    OSCfg_ISRStk                             0x10000100   Data         512  os_cfg_app.o(.bss)
    OSCfg_MsgPool                            0x10000300   Data        3200  os_cfg_app.o(.bss)
    OSCfg_StatTaskStk                        0x10000f80   Data         512  os_cfg_app.o(.bss)
    OSCfg_TickTaskStk                        0x10001180   Data         512  os_cfg_app.o(.bss)
    OSCfg_TickWheel                          0x10001380   Data         136  os_cfg_app.o(.bss)
    OSCfg_TmrTaskStk                         0x10001408   Data         512  os_cfg_app.o(.bss)
    OSCfg_TmrWheel                           0x10001608   Data         136  os_cfg_app.o(.bss)
    SystemCoreClock                          0x2007c000   Data           4  system_lpc17xx.o(.data)
    send_buf_len                             0x2007c008   Data           4  ts_serv_ex.o(.data)
    send_buf_index                           0x2007c00c   Data           4  ts_serv_ex.o(.data)
    send_cal_p_enable                        0x2007c010   Data           4  ts_serv_ex.o(.data)
    send_cal_h_enable                        0x2007c014   Data           4  ts_serv_ex.o(.data)
    dis_tst_enable                           0x2007c018   Data           4  ts_serv_ex.o(.data)
    recv_serv                                0x2007c01c   Data           4  serial.o(.data)
    send_serv                                0x2007c020   Data           4  serial.o(.data)
    ts_recv_nbr                              0x2007c024   Data           4  serial.o(.data)
    OSPrioTbl                                0x2007c028   Data           4  os_prio.o(.data)
    OS_AppTaskCreateHookPtr                  0x2007c02c   Data           4  os_var.o(.data)
    OS_AppTaskDelHookPtr                     0x2007c030   Data           4  os_var.o(.data)
    OS_AppTaskReturnHookPtr                  0x2007c034   Data           4  os_var.o(.data)
    OS_AppIdleTaskHookPtr                    0x2007c038   Data           4  os_var.o(.data)
    OS_AppStatTaskHookPtr                    0x2007c03c   Data           4  os_var.o(.data)
    OS_AppTaskSwHookPtr                      0x2007c040   Data           4  os_var.o(.data)
    OS_AppTimeTickHookPtr                    0x2007c044   Data           4  os_var.o(.data)
    OSIdleTaskCtr                            0x2007c048   Data           4  os_var.o(.data)
    OSIntNestingCtr                          0x2007c04c   Data           1  os_var.o(.data)
    OSRunning                                0x2007c04d   Data           1  os_var.o(.data)
    OSFlagDbgListPtr                         0x2007c050   Data           4  os_var.o(.data)
    OSFlagQty                                0x2007c054   Data           2  os_var.o(.data)
    OSMemDbgListPtr                          0x2007c058   Data           4  os_var.o(.data)
    OSMemQty                                 0x2007c05c   Data           2  os_var.o(.data)
    OSMutexDbgListPtr                        0x2007c060   Data           4  os_var.o(.data)
    OSMutexQty                               0x2007c064   Data           2  os_var.o(.data)
    OSPrioCur                                0x2007c066   Data           1  os_var.o(.data)
    OSPrioHighRdy                            0x2007c067   Data           1  os_var.o(.data)
    OSPrioSaved                              0x2007c068   Data           1  os_var.o(.data)
    OSQDbgListPtr                            0x2007c06c   Data           4  os_var.o(.data)
    OSQQty                                   0x2007c070   Data           2  os_var.o(.data)
    OSSchedLockTimeBegin                     0x2007c074   Data           4  os_var.o(.data)
    OSSchedLockTimeMax                       0x2007c078   Data           4  os_var.o(.data)
    OSSchedLockTimeMaxCur                    0x2007c07c   Data           4  os_var.o(.data)
    OSSchedLockNestingCtr                    0x2007c080   Data           1  os_var.o(.data)
    OSSchedRoundRobinDfltTimeQuanta          0x2007c084   Data           4  os_var.o(.data)
    OSSchedRoundRobinEn                      0x2007c088   Data           1  os_var.o(.data)
    OSSemDbgListPtr                          0x2007c08c   Data           4  os_var.o(.data)
    OSSemQty                                 0x2007c090   Data           2  os_var.o(.data)
    OSStatResetFlag                          0x2007c092   Data           1  os_var.o(.data)
    OSStatTaskCPUUsage                       0x2007c094   Data           2  os_var.o(.data)
    OSStatTaskCPUUsageMax                    0x2007c096   Data           2  os_var.o(.data)
    OSStatTaskCtr                            0x2007c098   Data           4  os_var.o(.data)
    OSStatTaskCtrMax                         0x2007c09c   Data           4  os_var.o(.data)
    OSStatTaskCtrRun                         0x2007c0a0   Data           4  os_var.o(.data)
    OSStatTaskRdy                            0x2007c0a4   Data           1  os_var.o(.data)
    OSStatTaskTimeMax                        0x2007c0a8   Data           4  os_var.o(.data)
    OSTaskCtxSwCtr                           0x2007c0ac   Data           4  os_var.o(.data)
    OSTaskDbgListPtr                         0x2007c0b0   Data           4  os_var.o(.data)
    OSTaskQty                                0x2007c0b4   Data           2  os_var.o(.data)
    OSTaskRegNextAvailID                     0x2007c0b6   Data           1  os_var.o(.data)
    OSTickCtr                                0x2007c0b8   Data           4  os_var.o(.data)
    OSTickTaskTimeMax                        0x2007c0bc   Data           4  os_var.o(.data)
    OSTmrDbgListPtr                          0x2007c0c0   Data           4  os_var.o(.data)
    OSTmrQty                                 0x2007c0c4   Data           2  os_var.o(.data)
    OSTmrTaskTimeMax                         0x2007c0c8   Data           4  os_var.o(.data)
    OSTmrTickCtr                             0x2007c0cc   Data           4  os_var.o(.data)
    OSTmrUpdateCnt                           0x2007c0d0   Data           4  os_var.o(.data)
    OSTmrUpdateCtr                           0x2007c0d4   Data           4  os_var.o(.data)
    OSTCBCurPtr                              0x2007c0d8   Data           4  os_var.o(.data)
    OSTCBHighRdyPtr                          0x2007c0dc   Data           4  os_var.o(.data)
    OS_CPU_ExceptStkBase                     0x2007c0e0   Data           4  os_cpu_c.o(.data)
    start_task_tcb                           0x2007c0e4   Data         196  main.o(.bss)
    start_task_stk                           0x2007c1a8   Data         800  main.o(.bss)
    ts_serv_task_tcb                         0x2007c4c8   Data         196  ts_serv.o(.bss)
    ts_serv_task_stk                         0x2007c58c   Data         800  ts_serv.o(.bss)
    recv_buff_copy                           0x2007c8ac   Data          64  ts_serv.o(.bss)
    send_mutex                               0x2007c8ec   Data          44  ts_serv_ex.o(.bss)
    send_sem                                 0x2007c918   Data          40  ts_serv_ex.o(.bss)
    send_buf                                 0x2007c940   Data          64  ts_serv_ex.o(.bss)
    ts_recv                                  0x2007c980   Data          64  serial.o(.bss)
    OSIdleTaskTCB                            0x2007c9c0   Data         196  os_var.o(.bss)
    OSMsgPool                                0x2007ca84   Data          12  os_var.o(.bss)
    OSRdyList                                0x2007ca90   Data         384  os_var.o(.bss)
    OSStatTaskTCB                            0x2007cc10   Data         196  os_var.o(.bss)
    OSTickTaskTCB                            0x2007ccd4   Data         196  os_var.o(.bss)
    OSTmrTaskTCB                             0x2007cd98   Data         196  os_var.o(.bss)
    __initial_sp                             0x2007d060   Data           0  startup_lpc17xx.o(STACK)



==============================================================================

Memory Map of the image

  Image Entry point : 0x000000cd

  Load Region LR_IROM1 (Base: 0x00000000, Size: 0x000046c4, Max: 0x00080000, ABSOLUTE)

    Execution Region ER_IROM1 (Base: 0x00000000, Size: 0x000045e0, Max: 0x00080000, ABSOLUTE)

    Base Addr    Size         Type   Attr      Idx    E Section Name        Object

    0x00000000   0x000000cc   Data   RO            3    RESET               startup_lpc17xx.o
    0x000000cc   0x00000000   Code   RO         2626  * .ARM.Collect$$$$00000000  mc_w.l(entry.o)
    0x000000cc   0x00000004   Code   RO         2635    .ARM.Collect$$$$00000001  mc_w.l(entry2.o)
    0x000000d0   0x00000004   Code   RO         2638    .ARM.Collect$$$$00000004  mc_w.l(entry5.o)
    0x000000d4   0x00000000   Code   RO         2640    .ARM.Collect$$$$00000008  mc_w.l(entry7b.o)
    0x000000d4   0x00000008   Code   RO         2641    .ARM.Collect$$$$00000009  mc_w.l(entry8.o)
    0x000000dc   0x00000004   Code   RO         2636    .ARM.Collect$$$$00002712  mc_w.l(entry2.o)
    0x000000e0   0x00000024   Code   RO            5    .text               startup_lpc17xx.o
    0x00000104   0x00000034   Code   RO         2305    .text               cpu_a.o
    0x00000138   0x00000062   Code   RO         2629    .text               mc_w.l(uldiv.o)
    0x0000019a   0x0000001e   Code   RO         2642    .text               mc_w.l(llshl.o)
    0x000001b8   0x00000020   Code   RO         2644    .text               mc_w.l(llushr.o)
    0x000001d8   0x00000024   Code   RO         2649    .text               mc_w.l(init.o)
    0x000001fc   0x00000098   Code   RO         2128    CODE                os_cpu_a.o
    0x00000294   0x00000040   Code   RO           59    i.CLKPWR_ConfigPPWR  lpc17xx_clkpwr.o
    0x000002d4   0x00000028   Code   RO           61    i.CLKPWR_GetPCLKSEL  lpc17xx_clkpwr.o
    0x000002fc   0x00000004   Code   RO            4    .ARM.__at_0x02FC    startup_lpc17xx.o
    0x00000300   0x00000220   Code   RO         2623    .text               lib_mem_a.o
    0x00000520   0x00000040   Code   RO           60    i.CLKPWR_GetPCLK    lpc17xx_clkpwr.o
    0x00000560   0x00000008   Code   RO          525    i.CPU_TS_TmrRd      bsp.o
    0x00000568   0x000000d0   Code   RO         1007    i.OSCfg_Init        os_cfg_app.o
    0x00000638   0x00000014   Code   RO         2050    i.OSIdleTaskHook    os_cpu_c.o
    0x0000064c   0x00000180   Code   RO         1030    i.OSInit            os_core.o
    0x000007cc   0x00000038   Code   RO         2051    i.OSInitHook        os_cpu_c.o
    0x00000804   0x0000002c   Code   RO         1031    i.OSIntEnter        os_core.o
    0x00000830   0x000000dc   Code   RO         1032    i.OSIntExit         os_core.o
    0x0000090c   0x00000088   Code   RO         1441    i.OSMutexCreate     os_mutex.o
    0x00000994   0x00000250   Code   RO         1442    i.OSMutexPend       os_mutex.o
    0x00000be4   0x00000174   Code   RO         1443    i.OSMutexPost       os_mutex.o
    0x00000d58   0x000000a0   Code   RO         1033    i.OSSched           os_core.o
    0x00000df8   0x00000074   Code   RO         1034    i.OSSchedLock       os_core.o
    0x00000e6c   0x00000094   Code   RO         1037    i.OSSchedUnlock     os_core.o
    0x00000f00   0x00000080   Code   RO         1616    i.OSSemCreate       os_sem.o
    0x00000f80   0x000001a8   Code   RO         1617    i.OSSemPend         os_sem.o
    0x00001128   0x00000070   Code   RO         1619    i.OSSemPost         os_sem.o
    0x00001198   0x00000068   Code   RO         1038    i.OSStart           os_core.o
    0x00001200   0x0000012c   Code   RO         1682    i.OSStatReset       os_stat.o
    0x0000132c   0x00000014   Code   RO         2052    i.OSStatTaskHook    os_cpu_c.o
    0x00001340   0x000001b4   Code   RO         1713    i.OSTaskCreate      os_task.o
    0x000014f4   0x00000018   Code   RO         2053    i.OSTaskCreateHook  os_cpu_c.o
    0x0000150c   0x000001d8   Code   RO         1715    i.OSTaskQPend       os_task.o
    0x000016e4   0x00000052   Code   RO         1716    i.OSTaskQPost       os_task.o
    0x00001736   0x00000002   PAD
    0x00001738   0x00000018   Code   RO         2055    i.OSTaskReturnHook  os_cpu_c.o
    0x00001750   0x000001dc   Code   RO         1721    i.OSTaskSemPend     os_task.o
    0x0000192c   0x0000003e   Code   RO         1723    i.OSTaskSemPost     os_task.o
    0x0000196a   0x00000002   PAD
    0x0000196c   0x000000d4   Code   RO         1725    i.OSTaskStkChk      os_task.o
    0x00001a40   0x000000c0   Code   RO         2056    i.OSTaskStkInit     os_cpu_c.o
    0x00001b00   0x00000088   Code   RO         2057    i.OSTaskSwHook      os_cpu_c.o
    0x00001b88   0x000000c4   Code   RO         1916    i.OSTimeDly         os_time.o
    0x00001c4c   0x0000005c   Code   RO         1920    i.OSTimeTick        os_time.o
    0x00001ca8   0x00000014   Code   RO         2058    i.OSTimeTickHook    os_cpu_c.o
    0x00001cbc   0x00000038   Code   RO         2059    i.OS_CPU_SysTickHandler  os_cpu_c.o
    0x00001cf4   0x00000030   Code   RO         2060    i.OS_CPU_SysTickInit  os_cpu_c.o
    0x00001d24   0x000001a8   Code   RO         1270    i.OS_Dbg_Init       os_dbg.o
    0x00001ecc   0x00000018   Code   RO         1293    i.OS_FlagInit       os_flag.o
    0x00001ee4   0x00000044   Code   RO         1040    i.OS_IdleTask       os_core.o
    0x00001f28   0x00000070   Code   RO         1041    i.OS_IdleTaskInit   os_core.o
    0x00001f98   0x00000018   Code   RO         1367    i.OS_MemInit        os_mem.o
    0x00001fb0   0x00000036   Code   RO         1399    i.OS_MsgPoolCreate  os_msg.o
    0x00001fe6   0x00000002   PAD
    0x00001fe8   0x00000054   Code   RO         1400    i.OS_MsgPoolInit    os_msg.o
    0x0000203c   0x00000068   Code   RO         1402    i.OS_MsgQGet        os_msg.o
    0x000020a4   0x0000000e   Code   RO         1403    i.OS_MsgQInit       os_msg.o
    0x000020b2   0x00000002   PAD
    0x000020b4   0x000000f8   Code   RO         1404    i.OS_MsgQPut        os_msg.o
    0x000021ac   0x00000030   Code   RO         1445    i.OS_MutexDbgListAdd  os_mutex.o
    0x000021dc   0x00000018   Code   RO         1447    i.OS_MutexInit      os_mutex.o
    0x000021f4   0x00000068   Code   RO         1042    i.OS_Pend           os_core.o
    0x0000225c   0x00000026   Code   RO         1045    i.OS_PendDataInit   os_core.o
    0x00002282   0x00000002   PAD
    0x00002284   0x0000005c   Code   RO         1046    i.OS_PendDbgNameAdd  os_core.o
    0x000022e0   0x00000024   Code   RO         1047    i.OS_PendDbgNameRemove  os_core.o
    0x00002304   0x00000046   Code   RO         1048    i.OS_PendListChangePrio  os_core.o
    0x0000234a   0x0000000a   Code   RO         1049    i.OS_PendListInit   os_core.o
    0x00002354   0x00000066   Code   RO         1051    i.OS_PendListInsertPrio  os_core.o
    0x000023ba   0x00000030   Code   RO         1052    i.OS_PendListRemove  os_core.o
    0x000023ea   0x00000042   Code   RO         1053    i.OS_PendListRemove1  os_core.o
    0x0000242c   0x000000c6   Code   RO         1056    i.OS_Post           os_core.o
    0x000024f2   0x0000002a   Code   RO         1057    i.OS_Post1          os_core.o
    0x0000251c   0x00000028   Code   RO         1519    i.OS_PrioGetHighest  os_prio.o
    0x00002544   0x00000018   Code   RO         1520    i.OS_PrioInit       os_prio.o
    0x0000255c   0x00000024   Code   RO         1521    i.OS_PrioInsert     os_prio.o
    0x00002580   0x00000024   Code   RO         1522    i.OS_PrioRemove     os_prio.o
    0x000025a4   0x00000018   Code   RO         1563    i.OS_QInit          os_q.o
    0x000025bc   0x00000024   Code   RO         1058    i.OS_RdyListInit    os_core.o
    0x000025e0   0x0000002c   Code   RO         1059    i.OS_RdyListInsert  os_core.o
    0x0000260c   0x00000040   Code   RO         1060    i.OS_RdyListInsertHead  os_core.o
    0x0000264c   0x0000003c   Code   RO         1061    i.OS_RdyListInsertTail  os_core.o
    0x00002688   0x00000044   Code   RO         1062    i.OS_RdyListMoveHeadToTail  os_core.o
    0x000026cc   0x0000005c   Code   RO         1063    i.OS_RdyListRemove  os_core.o
    0x00002728   0x0000001c   Code   RO         1064    i.OS_SchedLockTimeMeasStart  os_core.o
    0x00002744   0x0000003c   Code   RO         1065    i.OS_SchedLockTimeMeasStop  os_core.o
    0x00002780   0x000000d0   Code   RO         1066    i.OS_SchedRoundRobin  os_core.o
    0x00002850   0x00000030   Code   RO         1622    i.OS_SemDbgListAdd  os_sem.o
    0x00002880   0x00000018   Code   RO         1624    i.OS_SemInit        os_sem.o
    0x00002898   0x00000126   Code   RO         1625    i.OS_SemPost        os_sem.o
    0x000029be   0x00000002   PAD
    0x000029c0   0x000002ec   Code   RO         1684    i.OS_StatTask       os_stat.o
    0x00002cac   0x000000cc   Code   RO         1685    i.OS_StatTaskInit   os_stat.o
    0x00002d78   0x00000038   Code   RO         1067    i.OS_TaskBlock      os_core.o
    0x00002db0   0x00000030   Code   RO         1728    i.OS_TaskDbgListAdd  os_task.o
    0x00002de0   0x00000020   Code   RO         1730    i.OS_TaskInit       os_task.o
    0x00002e00   0x000000d4   Code   RO         1731    i.OS_TaskInitTCB    os_task.o
    0x00002ed4   0x000000e0   Code   RO         1732    i.OS_TaskQPost      os_task.o
    0x00002fb4   0x0000001c   Code   RO         1068    i.OS_TaskRdy        os_core.o
    0x00002fd0   0x00000024   Code   RO         1734    i.OS_TaskReturn     os_task.o
    0x00002ff4   0x000001c4   Code   RO         1735    i.OS_TaskSemPost    os_task.o
    0x000031b8   0x00000028   Code   RO         1868    i.OS_TickListInit   os_tick.o
    0x000031e0   0x000001bc   Code   RO         1869    i.OS_TickListInsert  os_tick.o
    0x0000339c   0x00000038   Code   RO         1870    i.OS_TickListRemove  os_tick.o
    0x000033d4   0x00000024   Code   RO         1871    i.OS_TickListResetPeak  os_tick.o
    0x000033f8   0x00000194   Code   RO         1872    i.OS_TickListUpdate  os_tick.o
    0x0000358c   0x0000002c   Code   RO         1873    i.OS_TickTask       os_tick.o
    0x000035b8   0x000000b8   Code   RO         1874    i.OS_TickTaskInit   os_tick.o
    0x00003670   0x00000128   Code   RO         1960    i.OS_TmrInit        os_tmr.o
    0x00003798   0x000000d0   Code   RO         1961    i.OS_TmrLink        os_tmr.o
    0x00003868   0x00000024   Code   RO         1962    i.OS_TmrResetPeak   os_tmr.o
    0x0000388c   0x000000c0   Code   RO         1963    i.OS_TmrTask        os_tmr.o
    0x0000394c   0x00000050   Code   RO         1964    i.OS_TmrUnlink      os_tmr.o
    0x0000399c   0x00000024   Code   RO           97    i.PINSEL_ConfigPin  lpc17xx_pinsel.o
    0x000039c0   0x00000140   Code   RO           14    i.SystemInit        system_lpc17xx.o
    0x00003b00   0x00000054   Code   RO          972    i.UART0_IRQHandler  serial.o
    0x00003b54   0x0000004c   Code   RO          304    i.UART_FIFOConfig   lpc17xx_uart.o
    0x00003ba0   0x0000000c   Code   RO          306    i.UART_GetIntId     lpc17xx_uart.o
    0x00003bac   0x000000a0   Code   RO          308    i.UART_Init         lpc17xx_uart.o
    0x00003c4c   0x00000042   Code   RO          309    i.UART_IntConfig    lpc17xx_uart.o
    0x00003c8e   0x00000030   Code   RO          310    i.UART_Receive      lpc17xx_uart.o
    0x00003cbe   0x00000006   Code   RO          311    i.UART_ReceiveByte  lpc17xx_uart.o
    0x00003cc4   0x00000004   Code   RO          312    i.UART_SendByte     lpc17xx_uart.o
    0x00003cc8   0x00000048   Code   RO          313    i.UART_TxCmd        lpc17xx_uart.o
    0x00003d10   0x0000000e   Code   RO         2653    i.__scatterload_copy  mc_w.l(handlers.o)
    0x00003d1e   0x00000002   Code   RO         2654    i.__scatterload_null  mc_w.l(handlers.o)
    0x00003d20   0x0000000e   Code   RO         2655    i.__scatterload_zeroinit  mc_w.l(handlers.o)
    0x00003d2e   0x00000008   Code   RO          631    i.init_user_system  user_system_init.o
    0x00003d36   0x00000002   PAD
    0x00003d38   0x0000005c   Code   RO          594    i.main              main.o
    0x00003d94   0x0000004c   Code   RO          765    i.send_str          ts_serv_ex.o
    0x00003de0   0x000000d4   Code   RO          973    i.serial_init       serial.o
    0x00003eb4   0x00000014   Code   RO          974    i.serial_irq_serv_register  serial.o
    0x00003ec8   0x00000040   Code   RO           98    i.set_PinFunc       lpc17xx_pinsel.o
    0x00003f08   0x00000030   Code   RO           99    i.set_PinOpenDrainMode  lpc17xx_pinsel.o
    0x00003f38   0x00000040   Code   RO          100    i.set_PinResistorMode  lpc17xx_pinsel.o
    0x00003f78   0x00000034   Code   RO          595    i.start_task        main.o
    0x00003fac   0x000000e8   Code   RO          719    i.ts_recv_isr       ts_serv.o
    0x00004094   0x00000010   Code   RO          720    i.ts_recv_serv      ts_serv.o
    0x000040a4   0x00000030   Code   RO          776    i.ts_send_back      ts_serv_ex.o
    0x000040d4   0x00000014   Code   RO          777    i.ts_send_byte      ts_serv_ex.o
    0x000040e8   0x00000048   Code   RO          778    i.ts_send_byte_str  ts_serv_ex.o
    0x00004130   0x00000044   Code   RO          779    i.ts_send_byte_str_remain  ts_serv_ex.o
    0x00004174   0x0000003c   Code   RO          782    i.ts_serv_ex_init   ts_serv_ex.o
    0x000041b0   0x00000068   Code   RO          721    i.ts_serv_init      ts_serv.o
    0x00004218   0x00000028   Code   RO          722    i.ts_serv_task      ts_serv.o
    0x00004240   0x00000158   Code   RO          315    i.uart_set_divisors  lpc17xx_uart.o
    0x00004398   0x00000008   Code   RO          959    i.vir_init          vir.o
    0x000043a0   0x000000a4   Data   RO         1009    .constdata          os_cfg_app.o
    0x00004444   0x0000016c   Data   RO         1271    .constdata          os_dbg.o
    0x000045b0   0x00000030   Data   RO         2651    Region$$Table       anon$$obj.o


    Execution Region RW_IRAM1 (Base: 0x10000000, Size: 0x00001690, Max: 0x00008000, ABSOLUTE)

    Base Addr    Size         Type   Attr      Idx    E Section Name        Object

    0x10000000   0x00001690   Zero   RW         1008    .bss                os_cfg_app.o


    Execution Region RW_IRAM2 (Base: 0x2007c000, Size: 0x00001060, Max: 0x00008000, ABSOLUTE)

    Base Addr    Size         Type   Attr      Idx    E Section Name        Object

    0x2007c000   0x00000004   Data   RW           15    .data               system_lpc17xx.o
    0x2007c004   0x00000018   Data   RW          789    .data               ts_serv_ex.o
    0x2007c01c   0x0000000c   Data   RW          976    .data               serial.o
    0x2007c028   0x00000004   Data   RW         1523    .data               os_prio.o
    0x2007c02c   0x000000b4   Data   RW         2037    .data               os_var.o
    0x2007c0e0   0x00000004   Data   RW         2061    .data               os_cpu_c.o
    0x2007c0e4   0x000003e4   Zero   RW          596    .bss                main.o
    0x2007c4c8   0x00000424   Zero   RW          723    .bss                ts_serv.o
    0x2007c8ec   0x00000094   Zero   RW          787    .bss                ts_serv_ex.o
    0x2007c980   0x00000040   Zero   RW          975    .bss                serial.o
    0x2007c9c0   0x0000049c   Zero   RW         2036    .bss                os_var.o
    0x2007ce5c   0x00000004   PAD
    0x2007ce60   0x00000200   Zero   RW            1    STACK               startup_lpc17xx.o


==============================================================================

Image component sizes


      Code (inc. data)   RO Data    RW Data    ZI Data      Debug   Object Name

         8          0          0          0          0      27419   bsp.o
        52          0          0          0          0        252   cpu_a.o
       544          0          0          0          0        392   lib_mem_a.o
       168         28          0          0          0       1745   lpc17xx_clkpwr.o
       212         14          0          0          0      21563   lpc17xx_pinsel.o
       788         22          0          0          0       9758   lpc17xx_uart.o
       144         32          0          0        996       2076   main.o
       208        136        164          0       5776      19498   os_cfg_app.o
      2906        384          0          0          0      19207   os_core.o
       152         32          0          0          0        296   os_cpu_a.o
       596         62          0          4          0       6125   os_cpu_c.o
       424        280        364          0          0       4685   os_dbg.o
        24         10          0          0          0        794   os_flag.o
        24         10          0          0          0        793   os_mem.o
       504         26          0          0          0       3708   os_msg.o
      1172         78          0          0          0       4108   os_mutex.o
       136         16          0          4          0       2618   os_prio.o
        24         10          0          0          0        791   os_q.o
      1030         54          0          0          0       5067   os_sem.o
      1252        162          0          0          0       2914   os_stat.o
      2744        130          0          0          0      10313   os_task.o
      1208        116          0          0          0       5041   os_tick.o
       288         38          0          0          0       1513   os_time.o
       812        134          0          0          0       3876   os_tmr.o
         0          0          0        180       1180      17993   os_var.o
       316         44          0         12         64      19233   serial.o
        40         12        204          0        512       1108   startup_lpc17xx.o
       320         52          0          4          0       6083   system_lpc17xx.o
       392         52          0          0       1060       3370   ts_serv.o
       344         86          0         24        148       5559   ts_serv_ex.o
         8          0          0          0          0        459   user_system_init.o
         8          0          0          0          0        411   vir.o

    ----------------------------------------------------------------------
     16862       2020        780        228       9740     208768   Object Totals
         0          0         48          0          0          0   (incl. Generated)
        14          0          0          0          4          0   (incl. Padding)

    ----------------------------------------------------------------------

      Code (inc. data)   RO Data    RW Data    ZI Data      Debug   Library Member Name

         0          0          0          0          0          0   entry.o
         8          4          0          0          0          0   entry2.o
         4          0          0          0          0          0   entry5.o
         0          0          0          0          0          0   entry7b.o
         8          4          0          0          0          0   entry8.o
        30          0          0          0          0          0   handlers.o
        36          8          0          0          0         68   init.o
        30          0          0          0          0         68   llshl.o
        32          0          0          0          0         68   llushr.o
        98          0          0          0          0         92   uldiv.o

    ----------------------------------------------------------------------
       246         16          0          0          0        296   Library Totals
         0          0          0          0          0          0   (incl. Padding)

    ----------------------------------------------------------------------

      Code (inc. data)   RO Data    RW Data    ZI Data      Debug   Library Name

       246         16          0          0          0        296   mc_w.l

    ----------------------------------------------------------------------
       246         16          0          0          0        296   Library Totals

    ----------------------------------------------------------------------

==============================================================================


      Code (inc. data)   RO Data    RW Data    ZI Data      Debug   

     17108       2036        780        228       9740     202356   Grand Totals
     17108       2036        780        228       9740     202356   ELF Image Totals
     17108       2036        780        228          0          0   ROM Totals

==============================================================================

    Total RO  Size (Code + RO Data)                17888 (  17.47kB)
    Total RW  Size (RW Data + ZI Data)              9968 (   9.73kB)
    Total ROM Size (Code + RO Data + RW Data)      18116 (  17.69kB)

==============================================================================

