<html>
<body>
<pre>
<h1>µVision Build Log</h1>
<h2>Project:</h2>
C:\Documents and Settings\Administrator\×ÀÃæ\LPC1700¡ª¡ª1\LPC1700¡ª¡ª1\KEIL\YG825G.uvproj
Project File Date:  05/19/2013

<h2>Output:</h2>
Rebuild target 'LPC1768'
assembling startup_LPC17xx.s...
compiling system_LPC17xx.c...
compiling lpc17xx_clkpwr.c...
compiling lpc17xx_pinsel.c...
compiling lpc7xx_gpio.c...
compiling lpc17xx_uart.c...
compiling lpc17xx_timer.c...
compiling lpc17xx_systick.c...
compiling lpc17xx_adc.c...
compiling lpc17xx_rtc.c...
compiling lpc17xx_pwm.c...
compiling lpc17xx_dac.c...
compiling lpc17xx_i2c.c...
compiling bsp.c...
compiling main.c...
compiling user_system_init.c...
compiling os_app_hooks.c...
compiling ts_serv.c...
compiling ts_serv_ex.c...
..\user\app\ts_serv_ex.c(127): warning:  #550-D: variable "ctr" was set but never used
compiling vir.c...
compiling serial.c...
compiling os_cfg_app.c...
compiling os_core.c...
compiling os_dbg.c...
compiling os_flag.c...
compiling os_int.c...
compiling os_mem.c...
compiling os_msg.c...
compiling os_mutex.c...
compiling os_pend_multi.c...
compiling os_prio.c...
compiling os_q.c...
compiling os_sem.c...
compiling os_stat.c...
compiling os_task.c...
compiling os_tick.c...
compiling os_time.c...
compiling os_tmr.c...
compiling os_var.c...
compiling os_cpu_c.c...
assembling os_cpu_a.s...
compiling cpu_core.c...
compiling cpu_c.c...
assembling cpu_a.s...
compiling lib_ascii.c...
compiling lib_math.c...
compiling lib_mem.c...
compiling lib_str.c...
assembling lib_mem_a.asm...
linking...
Program Size: Code=17512 RO-data=960 RW-data=228 ZI-data=9740  
FromELF: creating hex file...
"..\OUT\LPC1700.axf" - 0 Error(s), 1 Warning(s).
Rebuild target 'LPC1768'
assembling startup_LPC17xx.s...
compiling system_LPC17xx.c...
compiling lpc17xx_clkpwr.c...
compiling lpc17xx_pinsel.c...
compiling lpc7xx_gpio.c...
compiling lpc17xx_uart.c...
compiling lpc17xx_timer.c...
compiling lpc17xx_systick.c...
compiling lpc17xx_adc.c...
compiling lpc17xx_rtc.c...
compiling lpc17xx_pwm.c...
compiling lpc17xx_dac.c...
compiling lpc17xx_i2c.c...
compiling bsp.c...
compiling main.c...
compiling user_system_init.c...
compiling os_app_hooks.c...
compiling ts_serv.c...
..\user\app\ts_serv.c(18): warning:  #177-D: variable "index" was declared but never referenced
..\user\app\ts_serv.c(96): error:  #20: identifier "recv" is undefined
compiling ts_serv_ex.c...
..\user\app\ts_serv_ex.c(127): warning:  #550-D: variable "ctr" was set but never used
compiling vir.c...
compiling serial.c...
compiling os_cfg_app.c...
compiling os_core.c...
compiling os_dbg.c...
compiling os_flag.c...
compiling os_int.c...
compiling os_mem.c...
compiling os_msg.c...
compiling os_mutex.c...
compiling os_pend_multi.c...
compiling os_prio.c...
compiling os_q.c...
compiling os_sem.c...
compiling os_stat.c...
compiling os_task.c...
compiling os_tick.c...
compiling os_time.c...
compiling os_tmr.c...
compiling os_var.c...
compiling os_cpu_c.c...
assembling os_cpu_a.s...
compiling cpu_core.c...
compiling cpu_c.c...
assembling cpu_a.s...
compiling lib_ascii.c...
compiling lib_math.c...
compiling lib_mem.c...
compiling lib_str.c...
assembling lib_mem_a.asm...
Target not created
Build target 'LPC1768'
compiling ts_serv.c...
..\user\app\ts_serv.c(18): warning:  #177-D: variable "index" was declared but never referenced
linking...
Program Size: Code=17084 RO-data=780 RW-data=228 ZI-data=9740  
FromELF: creating hex file...
"..\OUT\LPC1700.axf" - 0 Error(s), 1 Warning(s).
Build target 'LPC1768'
compiling ts_serv.c...
..\user\app\ts_serv.c(18): warning:  #177-D: variable "index" was declared but never referenced
linking...
Program Size: Code=17084 RO-data=780 RW-data=228 ZI-data=9740  
FromELF: creating hex file...
"..\OUT\LPC1700.axf" - 0 Error(s), 1 Warning(s).
Build target 'LPC1768'
compiling ts_serv.c...
..\user\app\ts_serv.c(18): warning:  #177-D: variable "index" was declared but never referenced
linking...
Program Size: Code=17084 RO-data=780 RW-data=228 ZI-data=9740  
FromELF: creating hex file...
"..\OUT\LPC1700.axf" - 0 Error(s), 1 Warning(s).
Build target 'LPC1768'
linking...
Program Size: Code=17084 RO-data=780 RW-data=228 ZI-data=9740  
FromELF: creating hex file...
"..\OUT\LPC1700.axf" - 0 Error(s), 0 Warning(s).
Build target 'LPC1768'
compiling ts_serv.c...
..\user\app\ts_serv.c(18): warning:  #177-D: variable "index" was declared but never referenced
linking...
Program Size: Code=17084 RO-data=780 RW-data=228 ZI-data=9740  
FromELF: creating hex file...
"..\OUT\LPC1700.axf" - 0 Error(s), 1 Warning(s).
Build target 'LPC1768'
compiling ts_serv.c...
..\user\app\ts_serv.c(18): warning:  #177-D: variable "index" was declared but never referenced
linking...
Program Size: Code=17104 RO-data=780 RW-data=228 ZI-data=9740  
FromELF: creating hex file...
"..\OUT\LPC1700.axf" - 0 Error(s), 1 Warning(s).
Build target 'LPC1768'
compiling ts_serv.c...
..\user\app\ts_serv.c(18): warning:  #177-D: variable "index" was declared but never referenced
linking...
Program Size: Code=17108 RO-data=780 RW-data=228 ZI-data=9740  
FromELF: creating hex file...
"..\OUT\LPC1700.axf" - 0 Error(s), 1 Warning(s).
